0 verbose cli /usr/bin/node-18 /usr/bin/npm
1 info using npm@10.8.2
2 info using node@v18.20.8
3 silly config load:file:/usr/lib/nodejs18/lib/node_modules/npm/npmrc
4 silly config load:file:/root/ecommerce-app/.npmrc
5 silly config load:file:/root/.npmrc
6 silly config load:file:/etc/npmrc
7 verbose title npm init
8 verbose argv "init" "--yes"
9 verbose logfile logs-max:10 dir:/root/.npm/_logs/2026-05-07T03_10_48_571Z-
10 verbose logfile /root/.npm/_logs/2026-05-07T03_10_48_571Z-debug-0.log
11 silly logfile done cleaning log files
12 silly package data {
12 silly package data   name: 'backend',
12 silly package data   version: '1.0.0',
12 silly package data   main: 'server.js',
12 silly package data   scripts: {
12 silly package data     test: 'echo "Error: no test specified" && exit 1',
12 silly package data     start: 'node server.js'
12 silly package data   },
12 silly package data   keywords: [],
12 silly package data   author: '',
12 silly package data   license: 'ISC',
12 silly package data   description: ''
12 silly package data }
13 verbose cwd /root/ecommerce-app/backend
14 verbose os Linux 6.1.168-203.330.amzn2023.x86_64
15 verbose node v18.20.8
16 verbose npm  v10.8.2
17 verbose exit 0
18 info ok
