0 verbose cli /usr/bin/node-18 /usr/bin/npm
1 info using npm@10.8.2
2 info using node@v18.20.8
3 silly config load:file:/usr/lib/nodejs18/lib/node_modules/npm/npmrc
4 silly config load:file:/root/ecommerce-app/.npmrc
5 silly config load:file:/root/.npmrc
6 silly config load:file:/etc/npmrc
7 verbose title npm install express cors dotenv sequelize mysql2 bcryptjs jsonwebtoken nodemon
8 verbose argv "install" "express" "cors" "dotenv" "sequelize" "mysql2" "bcryptjs" "jsonwebtoken" "nodemon"
9 verbose logfile logs-max:10 dir:/root/.npm/_logs/2026-05-07T03_09_08_615Z-
10 verbose logfile /root/.npm/_logs/2026-05-07T03_09_08_615Z-debug-0.log
11 silly packumentCache heap:493355008 maxSize:123338752 maxEntrySize:61669376
12 silly logfile done cleaning log files
13 silly idealTree buildDeps
14 silly fetch manifest express@*
15 silly packumentCache full:https://registry.npmjs.org/express cache-miss
16 http fetch GET 200 https://registry.npmjs.org/npm 120ms
17 http fetch GET 200 https://registry.npmjs.org/express 160ms (cache miss)
18 silly packumentCache full:https://registry.npmjs.org/express set size:undefined disposed:false
19 silly fetch manifest cors@*
20 silly packumentCache full:https://registry.npmjs.org/cors cache-miss
21 http fetch GET 200 https://registry.npmjs.org/cors 26ms (cache miss)
22 silly packumentCache full:https://registry.npmjs.org/cors set size:undefined disposed:false
23 silly fetch manifest dotenv@*
24 silly packumentCache full:https://registry.npmjs.org/dotenv cache-miss
25 http fetch GET 200 https://registry.npmjs.org/dotenv 27ms (cache miss)
26 silly packumentCache full:https://registry.npmjs.org/dotenv set size:undefined disposed:false
27 silly fetch manifest sequelize@*
28 silly packumentCache full:https://registry.npmjs.org/sequelize cache-miss
29 http fetch GET 200 https://registry.npmjs.org/sequelize 132ms (cache miss)
30 silly packumentCache full:https://registry.npmjs.org/sequelize set size:undefined disposed:false
31 silly fetch manifest mysql2@*
32 silly packumentCache full:https://registry.npmjs.org/mysql2 cache-miss
33 http fetch GET 200 https://registry.npmjs.org/mysql2 55ms (cache miss)
34 silly packumentCache full:https://registry.npmjs.org/mysql2 set size:undefined disposed:false
35 silly fetch manifest @types/node@>= 8
36 silly packumentCache full:https://registry.npmjs.org/@types%2fnode cache-miss
37 http fetch GET 200 https://registry.npmjs.org/@types%2fnode 185ms (cache miss)
38 silly packumentCache full:https://registry.npmjs.org/@types%2fnode set size:undefined disposed:false
39 silly fetch manifest bcryptjs@*
40 silly packumentCache full:https://registry.npmjs.org/bcryptjs cache-miss
41 http fetch GET 200 https://registry.npmjs.org/bcryptjs 22ms (cache miss)
42 silly packumentCache full:https://registry.npmjs.org/bcryptjs set size:undefined disposed:false
43 silly fetch manifest jsonwebtoken@*
44 silly packumentCache full:https://registry.npmjs.org/jsonwebtoken cache-miss
45 http fetch GET 200 https://registry.npmjs.org/jsonwebtoken 26ms (cache miss)
46 silly packumentCache full:https://registry.npmjs.org/jsonwebtoken set size:undefined disposed:false
47 silly fetch manifest nodemon@*
48 silly packumentCache full:https://registry.npmjs.org/nodemon cache-miss
49 http fetch GET 200 https://registry.npmjs.org/nodemon 39ms (cache miss)
50 silly packumentCache full:https://registry.npmjs.org/nodemon set size:undefined disposed:false
51 silly placeDep ROOT bcryptjs@3.0.3 OK for:  want: *
52 silly placeDep ROOT cors@2.8.6 OK for:  want: *
53 silly placeDep ROOT dotenv@17.4.2 OK for:  want: *
54 silly placeDep ROOT express@5.2.1 OK for:  want: *
55 silly placeDep ROOT jsonwebtoken@9.0.3 OK for:  want: *
56 silly placeDep ROOT mysql2@3.22.3 OK for:  want: *
57 silly placeDep ROOT @types/node@25.6.0 OK for: mysql2@3.22.3 want: >= 8
58 silly placeDep ROOT nodemon@3.1.14 OK for:  want: *
59 silly placeDep ROOT sequelize@6.37.8 OK for:  want: *
60 silly fetch manifest object-assign@^4
61 silly packumentCache full:https://registry.npmjs.org/object-assign cache-miss
62 http fetch GET 200 https://registry.npmjs.org/object-assign 19ms (cache miss)
63 silly packumentCache full:https://registry.npmjs.org/object-assign set size:undefined disposed:false
64 silly fetch manifest vary@^1
65 silly packumentCache full:https://registry.npmjs.org/vary cache-miss
66 http fetch GET 200 https://registry.npmjs.org/vary 19ms (cache miss)
67 silly packumentCache full:https://registry.npmjs.org/vary set size:undefined disposed:false
68 silly fetch manifest qs@^6.14.0
69 silly packumentCache full:https://registry.npmjs.org/qs cache-miss
70 http fetch GET 200 https://registry.npmjs.org/qs 29ms (cache miss)
71 silly packumentCache full:https://registry.npmjs.org/qs set size:undefined disposed:false
72 silly fetch manifest depd@^2.0.0
73 silly packumentCache full:https://registry.npmjs.org/depd cache-miss
74 http fetch GET 200 https://registry.npmjs.org/depd 21ms (cache miss)
75 silly packumentCache full:https://registry.npmjs.org/depd set size:undefined disposed:false
76 silly fetch manifest etag@^1.8.1
77 silly packumentCache full:https://registry.npmjs.org/etag cache-miss
78 http fetch GET 200 https://registry.npmjs.org/etag 19ms (cache miss)
79 silly packumentCache full:https://registry.npmjs.org/etag set size:undefined disposed:false
80 silly fetch manifest once@^1.4.0
81 silly packumentCache full:https://registry.npmjs.org/once cache-miss
82 http fetch GET 200 https://registry.npmjs.org/once 22ms (cache miss)
83 silly packumentCache full:https://registry.npmjs.org/once set size:undefined disposed:false
84 silly fetch manifest send@^1.1.0
85 silly packumentCache full:https://registry.npmjs.org/send cache-miss
86 http fetch GET 200 https://registry.npmjs.org/send 23ms (cache miss)
87 silly packumentCache full:https://registry.npmjs.org/send set size:undefined disposed:false
88 silly fetch manifest vary@^1.1.2
89 silly packumentCache full:https://registry.npmjs.org/vary cache-miss
90 http fetch GET 200 https://registry.npmjs.org/vary 193ms (cache hit)
91 silly packumentCache full:https://registry.npmjs.org/vary set size:15994 disposed:false
92 silly fetch manifest debug@^4.4.0
93 silly packumentCache full:https://registry.npmjs.org/debug cache-miss
94 http fetch GET 200 https://registry.npmjs.org/debug 27ms (cache miss)
95 silly packumentCache full:https://registry.npmjs.org/debug set size:undefined disposed:false
96 silly fetch manifest fresh@^2.0.0
97 silly packumentCache full:https://registry.npmjs.org/fresh cache-miss
98 http fetch GET 200 https://registry.npmjs.org/fresh 21ms (cache miss)
99 silly packumentCache full:https://registry.npmjs.org/fresh set size:undefined disposed:false
100 silly fetch manifest cookie@^0.7.1
101 silly packumentCache full:https://registry.npmjs.org/cookie cache-miss
102 http fetch GET 200 https://registry.npmjs.org/cookie 24ms (cache miss)
103 silly packumentCache full:https://registry.npmjs.org/cookie set size:undefined disposed:false
104 silly fetch manifest router@^2.2.0
105 silly packumentCache full:https://registry.npmjs.org/router cache-miss
106 http fetch GET 200 https://registry.npmjs.org/router 24ms (cache miss)
107 silly packumentCache full:https://registry.npmjs.org/router set size:undefined disposed:false
108 silly fetch manifest accepts@^2.0.0
109 silly packumentCache full:https://registry.npmjs.org/accepts cache-miss
110 http fetch GET 200 https://registry.npmjs.org/accepts 21ms (cache miss)
111 silly packumentCache full:https://registry.npmjs.org/accepts set size:undefined disposed:false
112 silly fetch manifest type-is@^2.0.1
113 silly packumentCache full:https://registry.npmjs.org/type-is cache-miss
114 http fetch GET 200 https://registry.npmjs.org/type-is 20ms (cache miss)
115 silly packumentCache full:https://registry.npmjs.org/type-is set size:undefined disposed:false
116 silly fetch manifest parseurl@^1.3.3
117 silly packumentCache full:https://registry.npmjs.org/parseurl cache-miss
118 http fetch GET 200 https://registry.npmjs.org/parseurl 18ms (cache miss)
119 silly packumentCache full:https://registry.npmjs.org/parseurl set size:undefined disposed:false
120 silly fetch manifest statuses@^2.0.1
121 silly packumentCache full:https://registry.npmjs.org/statuses cache-miss
122 http fetch GET 200 https://registry.npmjs.org/statuses 17ms (cache miss)
123 silly packumentCache full:https://registry.npmjs.org/statuses set size:undefined disposed:false
124 silly fetch manifest encodeurl@^2.0.0
125 silly packumentCache full:https://registry.npmjs.org/encodeurl cache-miss
126 http fetch GET 200 https://registry.npmjs.org/encodeurl 21ms (cache miss)
127 silly packumentCache full:https://registry.npmjs.org/encodeurl set size:undefined disposed:false
128 silly fetch manifest mime-types@^3.0.0
129 silly packumentCache full:https://registry.npmjs.org/mime-types cache-miss
130 http fetch GET 200 https://registry.npmjs.org/mime-types 24ms (cache miss)
131 silly packumentCache full:https://registry.npmjs.org/mime-types set size:undefined disposed:false
132 silly fetch manifest proxy-addr@^2.0.7
133 silly packumentCache full:https://registry.npmjs.org/proxy-addr cache-miss
134 http fetch GET 200 https://registry.npmjs.org/proxy-addr 22ms (cache miss)
135 silly packumentCache full:https://registry.npmjs.org/proxy-addr set size:undefined disposed:false
136 silly fetch manifest body-parser@^2.2.1
137 silly packumentCache full:https://registry.npmjs.org/body-parser cache-miss
138 http fetch GET 200 https://registry.npmjs.org/body-parser 25ms (cache miss)
139 silly packumentCache full:https://registry.npmjs.org/body-parser set size:undefined disposed:false
140 silly fetch manifest escape-html@^1.0.3
141 silly packumentCache full:https://registry.npmjs.org/escape-html cache-miss
142 http fetch GET 200 https://registry.npmjs.org/escape-html 18ms (cache miss)
143 silly packumentCache full:https://registry.npmjs.org/escape-html set size:undefined disposed:false
144 silly fetch manifest http-errors@^2.0.0
145 silly packumentCache full:https://registry.npmjs.org/http-errors cache-miss
146 http fetch GET 200 https://registry.npmjs.org/http-errors 22ms (cache miss)
147 silly packumentCache full:https://registry.npmjs.org/http-errors set size:undefined disposed:false
148 silly fetch manifest on-finished@^2.4.1
149 silly packumentCache full:https://registry.npmjs.org/on-finished cache-miss
150 http fetch GET 200 https://registry.npmjs.org/on-finished 16ms (cache miss)
151 silly packumentCache full:https://registry.npmjs.org/on-finished set size:undefined disposed:false
152 silly fetch manifest content-type@^1.0.5
153 silly packumentCache full:https://registry.npmjs.org/content-type cache-miss
154 http fetch GET 200 https://registry.npmjs.org/content-type 36ms (cache miss)
155 silly packumentCache full:https://registry.npmjs.org/content-type set size:undefined disposed:false
156 silly fetch manifest finalhandler@^2.1.0
157 silly packumentCache full:https://registry.npmjs.org/finalhandler cache-miss
158 http fetch GET 200 https://registry.npmjs.org/finalhandler 20ms (cache miss)
159 silly packumentCache full:https://registry.npmjs.org/finalhandler set size:undefined disposed:false
160 silly fetch manifest range-parser@^1.2.1
161 silly packumentCache full:https://registry.npmjs.org/range-parser cache-miss
162 http fetch GET 200 https://registry.npmjs.org/range-parser 18ms (cache miss)
163 silly packumentCache full:https://registry.npmjs.org/range-parser set size:undefined disposed:false
164 silly fetch manifest serve-static@^2.2.0
165 silly packumentCache full:https://registry.npmjs.org/serve-static cache-miss
166 http fetch GET 200 https://registry.npmjs.org/serve-static 22ms (cache miss)
167 silly packumentCache full:https://registry.npmjs.org/serve-static set size:undefined disposed:false
168 silly fetch manifest cookie-signature@^1.2.1
169 silly packumentCache full:https://registry.npmjs.org/cookie-signature cache-miss
170 http fetch GET 200 https://registry.npmjs.org/cookie-signature 18ms (cache miss)
171 silly packumentCache full:https://registry.npmjs.org/cookie-signature set size:undefined disposed:false
172 silly fetch manifest merge-descriptors@^2.0.0
173 silly packumentCache full:https://registry.npmjs.org/merge-descriptors cache-miss
174 http fetch GET 200 https://registry.npmjs.org/merge-descriptors 19ms (cache miss)
175 silly packumentCache full:https://registry.npmjs.org/merge-descriptors set size:undefined disposed:false
176 silly fetch manifest content-disposition@^1.0.0
177 silly packumentCache full:https://registry.npmjs.org/content-disposition cache-miss
178 http fetch GET 200 https://registry.npmjs.org/content-disposition 18ms (cache miss)
179 silly packumentCache full:https://registry.npmjs.org/content-disposition set size:undefined disposed:false
180 silly fetch manifest ms@^2.1.1
181 silly packumentCache full:https://registry.npmjs.org/ms cache-miss
182 http fetch GET 200 https://registry.npmjs.org/ms 27ms (cache miss)
183 silly packumentCache full:https://registry.npmjs.org/ms set size:undefined disposed:false
184 silly fetch manifest jws@^4.0.1
185 silly packumentCache full:https://registry.npmjs.org/jws cache-miss
186 http fetch GET 200 https://registry.npmjs.org/jws 18ms (cache miss)
187 silly packumentCache full:https://registry.npmjs.org/jws set size:undefined disposed:false
188 silly fetch manifest semver@^7.5.4
189 silly packumentCache full:https://registry.npmjs.org/semver cache-miss
190 http fetch GET 200 https://registry.npmjs.org/semver 27ms (cache miss)
191 silly packumentCache full:https://registry.npmjs.org/semver set size:undefined disposed:false
192 silly fetch manifest lodash.once@^4.0.0
193 silly packumentCache full:https://registry.npmjs.org/lodash.once cache-miss
194 http fetch GET 200 https://registry.npmjs.org/lodash.once 19ms (cache miss)
195 silly packumentCache full:https://registry.npmjs.org/lodash.once set size:undefined disposed:false
196 silly fetch manifest lodash.includes@^4.3.0
197 silly packumentCache full:https://registry.npmjs.org/lodash.includes cache-miss
198 http fetch GET 200 https://registry.npmjs.org/lodash.includes 19ms (cache miss)
199 silly packumentCache full:https://registry.npmjs.org/lodash.includes set size:undefined disposed:false
200 silly fetch manifest lodash.isnumber@^3.0.3
201 silly packumentCache full:https://registry.npmjs.org/lodash.isnumber cache-miss
202 http fetch GET 200 https://registry.npmjs.org/lodash.isnumber 18ms (cache miss)
203 silly packumentCache full:https://registry.npmjs.org/lodash.isnumber set size:undefined disposed:false
204 silly fetch manifest lodash.isstring@^4.0.1
205 silly packumentCache full:https://registry.npmjs.org/lodash.isstring cache-miss
206 http fetch GET 200 https://registry.npmjs.org/lodash.isstring 18ms (cache miss)
207 silly packumentCache full:https://registry.npmjs.org/lodash.isstring set size:undefined disposed:false
208 silly fetch manifest lodash.isboolean@^3.0.3
209 silly packumentCache full:https://registry.npmjs.org/lodash.isboolean cache-miss
210 http fetch GET 200 https://registry.npmjs.org/lodash.isboolean 19ms (cache miss)
211 silly packumentCache full:https://registry.npmjs.org/lodash.isboolean set size:undefined disposed:false
212 silly fetch manifest lodash.isinteger@^4.0.4
213 silly packumentCache full:https://registry.npmjs.org/lodash.isinteger cache-miss
214 http fetch GET 200 https://registry.npmjs.org/lodash.isinteger 15ms (cache miss)
215 silly packumentCache full:https://registry.npmjs.org/lodash.isinteger set size:undefined disposed:false
216 silly fetch manifest lodash.isplainobject@^4.0.6
217 silly packumentCache full:https://registry.npmjs.org/lodash.isplainobject cache-miss
218 http fetch GET 200 https://registry.npmjs.org/lodash.isplainobject 48ms (cache miss)
219 silly packumentCache full:https://registry.npmjs.org/lodash.isplainobject set size:undefined disposed:false
220 silly fetch manifest aws-ssl-profiles@^1.1.2
221 silly packumentCache full:https://registry.npmjs.org/aws-ssl-profiles cache-miss
222 http fetch GET 200 https://registry.npmjs.org/aws-ssl-profiles 23ms (cache miss)
223 silly packumentCache full:https://registry.npmjs.org/aws-ssl-profiles set size:undefined disposed:false
224 silly fetch manifest denque@^2.1.0
225 silly packumentCache full:https://registry.npmjs.org/denque cache-miss
226 http fetch GET 200 https://registry.npmjs.org/denque 20ms (cache miss)
227 silly packumentCache full:https://registry.npmjs.org/denque set size:undefined disposed:false
228 silly fetch manifest generate-function@^2.3.1
229 silly packumentCache full:https://registry.npmjs.org/generate-function cache-miss
230 http fetch GET 200 https://registry.npmjs.org/generate-function 20ms (cache miss)
231 silly packumentCache full:https://registry.npmjs.org/generate-function set size:undefined disposed:false
232 silly fetch manifest iconv-lite@^0.7.2
233 silly packumentCache full:https://registry.npmjs.org/iconv-lite cache-miss
234 http fetch GET 200 https://registry.npmjs.org/iconv-lite 23ms (cache miss)
235 silly packumentCache full:https://registry.npmjs.org/iconv-lite set size:undefined disposed:false
236 silly fetch manifest long@^5.3.2
237 silly packumentCache full:https://registry.npmjs.org/long cache-miss
238 http fetch GET 200 https://registry.npmjs.org/long 22ms (cache miss)
239 silly packumentCache full:https://registry.npmjs.org/long set size:undefined disposed:false
240 silly fetch manifest lru.min@^1.1.4
241 silly packumentCache full:https://registry.npmjs.org/lru.min cache-miss
242 http fetch GET 200 https://registry.npmjs.org/lru.min 20ms (cache miss)
243 silly packumentCache full:https://registry.npmjs.org/lru.min set size:undefined disposed:false
244 silly fetch manifest named-placeholders@^1.1.6
245 silly packumentCache full:https://registry.npmjs.org/named-placeholders cache-miss
246 http fetch GET 200 https://registry.npmjs.org/named-placeholders 20ms (cache miss)
247 silly packumentCache full:https://registry.npmjs.org/named-placeholders set size:undefined disposed:false
248 silly fetch manifest sql-escaper@^1.3.3
249 silly packumentCache full:https://registry.npmjs.org/sql-escaper cache-miss
250 http fetch GET 200 https://registry.npmjs.org/sql-escaper 22ms (cache miss)
251 silly packumentCache full:https://registry.npmjs.org/sql-escaper set size:undefined disposed:false
252 silly fetch manifest undici-types@~7.19.0
253 silly packumentCache full:https://registry.npmjs.org/undici-types cache-miss
254 http fetch GET 200 https://registry.npmjs.org/undici-types 25ms (cache miss)
255 silly packumentCache full:https://registry.npmjs.org/undici-types set size:undefined disposed:false
256 silly fetch manifest debug@^4
257 silly packumentCache full:https://registry.npmjs.org/debug cache-miss
258 http fetch GET 200 https://registry.npmjs.org/debug 4ms (cache hit)
259 silly packumentCache full:https://registry.npmjs.org/debug set size:195840 disposed:false
260 silly fetch manifest touch@^3.1.0
261 silly packumentCache full:https://registry.npmjs.org/touch cache-miss
262 http fetch GET 200 https://registry.npmjs.org/touch 19ms (cache miss)
263 silly packumentCache full:https://registry.npmjs.org/touch set size:undefined disposed:false
264 silly fetch manifest semver@^7.5.3
265 silly packumentCache full:https://registry.npmjs.org/semver cache-miss
266 http fetch GET 200 https://registry.npmjs.org/semver 3ms (cache hit)
267 silly packumentCache full:https://registry.npmjs.org/semver set size:229571 disposed:false
268 silly fetch manifest chokidar@^3.5.2
269 silly packumentCache full:https://registry.npmjs.org/chokidar cache-miss
270 http fetch GET 200 https://registry.npmjs.org/chokidar 58ms (cache miss)
271 silly packumentCache full:https://registry.npmjs.org/chokidar set size:undefined disposed:false
272 silly fetch manifest minimatch@^10.2.1
273 silly packumentCache full:https://registry.npmjs.org/minimatch cache-miss
274 http fetch GET 200 https://registry.npmjs.org/minimatch 28ms (cache miss)
275 silly packumentCache full:https://registry.npmjs.org/minimatch set size:undefined disposed:false
276 silly fetch manifest undefsafe@^2.0.5
277 silly packumentCache full:https://registry.npmjs.org/undefsafe cache-miss
278 http fetch GET 200 https://registry.npmjs.org/undefsafe 18ms (cache miss)
279 silly packumentCache full:https://registry.npmjs.org/undefsafe set size:undefined disposed:false
280 silly fetch manifest pstree.remy@^1.1.8
281 silly packumentCache full:https://registry.npmjs.org/pstree.remy cache-miss
282 http fetch GET 200 https://registry.npmjs.org/pstree.remy 20ms (cache miss)
283 silly packumentCache full:https://registry.npmjs.org/pstree.remy set size:undefined disposed:false
284 silly fetch manifest supports-color@^5.5.0
285 silly packumentCache full:https://registry.npmjs.org/supports-color cache-miss
286 http fetch GET 200 https://registry.npmjs.org/supports-color 33ms (cache miss)
287 silly packumentCache full:https://registry.npmjs.org/supports-color set size:undefined disposed:false
288 silly fetch manifest ignore-by-default@^1.0.1
289 silly packumentCache full:https://registry.npmjs.org/ignore-by-default cache-miss
290 http fetch GET 200 https://registry.npmjs.org/ignore-by-default 90ms (cache miss)
291 silly packumentCache full:https://registry.npmjs.org/ignore-by-default set size:undefined disposed:false
292 silly fetch manifest simple-update-notifier@^2.0.0
293 silly packumentCache full:https://registry.npmjs.org/simple-update-notifier cache-miss
294 http fetch GET 200 https://registry.npmjs.org/simple-update-notifier 19ms (cache miss)
295 silly packumentCache full:https://registry.npmjs.org/simple-update-notifier set size:undefined disposed:false
296 silly fetch manifest @types/debug@^4.1.8
297 silly packumentCache full:https://registry.npmjs.org/@types%2fdebug cache-miss
298 http fetch GET 200 https://registry.npmjs.org/@types%2fdebug 29ms (cache miss)
299 silly packumentCache full:https://registry.npmjs.org/@types%2fdebug set size:undefined disposed:false
300 silly fetch manifest @types/validator@^13.7.17
301 silly packumentCache full:https://registry.npmjs.org/@types%2fvalidator cache-miss
302 http fetch GET 200 https://registry.npmjs.org/@types%2fvalidator 34ms (cache miss)
303 silly packumentCache full:https://registry.npmjs.org/@types%2fvalidator set size:undefined disposed:false
304 silly fetch manifest debug@^4.3.4
305 silly packumentCache full:https://registry.npmjs.org/debug cache-hit
306 silly fetch manifest dottie@^2.0.6
307 silly packumentCache full:https://registry.npmjs.org/dottie cache-miss
308 http fetch GET 200 https://registry.npmjs.org/dottie 21ms (cache miss)
309 silly packumentCache full:https://registry.npmjs.org/dottie set size:undefined disposed:false
310 silly fetch manifest inflection@^1.13.4
311 silly packumentCache full:https://registry.npmjs.org/inflection cache-miss
312 http fetch GET 200 https://registry.npmjs.org/inflection 21ms (cache miss)
313 silly packumentCache full:https://registry.npmjs.org/inflection set size:undefined disposed:false
314 silly fetch manifest lodash@^4.17.21
315 silly packumentCache full:https://registry.npmjs.org/lodash cache-miss
316 http fetch GET 200 https://registry.npmjs.org/lodash 25ms (cache miss)
317 silly packumentCache full:https://registry.npmjs.org/lodash set size:undefined disposed:false
318 silly fetch manifest moment@^2.29.4
319 silly packumentCache full:https://registry.npmjs.org/moment cache-miss
320 http fetch GET 200 https://registry.npmjs.org/moment 52ms (cache miss)
321 silly packumentCache full:https://registry.npmjs.org/moment set size:undefined disposed:false
322 silly fetch manifest moment-timezone@^0.5.43
323 silly packumentCache full:https://registry.npmjs.org/moment-timezone cache-miss
324 http fetch GET 200 https://registry.npmjs.org/moment-timezone 22ms (cache miss)
325 silly packumentCache full:https://registry.npmjs.org/moment-timezone set size:undefined disposed:false
326 silly fetch manifest pg-connection-string@^2.6.1
327 silly packumentCache full:https://registry.npmjs.org/pg-connection-string cache-miss
328 http fetch GET 200 https://registry.npmjs.org/pg-connection-string 21ms (cache miss)
329 silly packumentCache full:https://registry.npmjs.org/pg-connection-string set size:undefined disposed:false
330 silly fetch manifest retry-as-promised@^7.0.4
331 silly packumentCache full:https://registry.npmjs.org/retry-as-promised cache-miss
332 http fetch GET 200 https://registry.npmjs.org/retry-as-promised 24ms (cache miss)
333 silly packumentCache full:https://registry.npmjs.org/retry-as-promised set size:undefined disposed:false
334 silly fetch manifest sequelize-pool@^7.1.0
335 silly packumentCache full:https://registry.npmjs.org/sequelize-pool cache-miss
336 http fetch GET 200 https://registry.npmjs.org/sequelize-pool 79ms (cache miss)
337 silly packumentCache full:https://registry.npmjs.org/sequelize-pool set size:undefined disposed:false
338 silly fetch manifest toposort-class@^1.0.1
339 silly packumentCache full:https://registry.npmjs.org/toposort-class cache-miss
340 http fetch GET 200 https://registry.npmjs.org/toposort-class 97ms (cache miss)
341 silly packumentCache full:https://registry.npmjs.org/toposort-class set size:undefined disposed:false
342 silly fetch manifest uuid@^8.3.2
343 silly packumentCache full:https://registry.npmjs.org/uuid cache-miss
344 http fetch GET 200 https://registry.npmjs.org/uuid 24ms (cache miss)
345 silly packumentCache full:https://registry.npmjs.org/uuid set size:undefined disposed:false
346 silly fetch manifest validator@^13.9.0
347 silly packumentCache full:https://registry.npmjs.org/validator cache-miss
348 http fetch GET 200 https://registry.npmjs.org/validator 35ms (cache miss)
349 silly packumentCache full:https://registry.npmjs.org/validator set size:undefined disposed:false
350 silly fetch manifest wkx@^0.5.0
351 silly packumentCache full:https://registry.npmjs.org/wkx cache-miss
352 http fetch GET 200 https://registry.npmjs.org/wkx 86ms (cache miss)
353 silly packumentCache full:https://registry.npmjs.org/wkx set size:undefined disposed:false
354 silly placeDep ROOT undici-types@7.19.2 OK for: @types/node@25.6.0 want: ~7.19.0
355 silly placeDep ROOT object-assign@4.1.1 OK for: cors@2.8.6 want: ^4
356 silly placeDep ROOT vary@1.1.2 OK for: cors@2.8.6 want: ^1
357 silly placeDep ROOT accepts@2.0.0 OK for: express@5.2.1 want: ^2.0.0
358 silly placeDep ROOT body-parser@2.2.2 OK for: express@5.2.1 want: ^2.2.1
359 silly placeDep ROOT content-disposition@1.1.0 OK for: express@5.2.1 want: ^1.0.0
360 silly placeDep ROOT content-type@1.0.5 OK for: express@5.2.1 want: ^1.0.5
361 silly placeDep ROOT cookie@0.7.2 OK for: express@5.2.1 want: ^0.7.1
362 silly placeDep ROOT cookie-signature@1.2.2 OK for: express@5.2.1 want: ^1.2.1
363 silly placeDep ROOT debug@4.4.3 OK for: express@5.2.1 want: ^4.4.0
364 silly placeDep ROOT depd@2.0.0 OK for: express@5.2.1 want: ^2.0.0
365 silly placeDep ROOT encodeurl@2.0.0 OK for: express@5.2.1 want: ^2.0.0
366 silly placeDep ROOT escape-html@1.0.3 OK for: express@5.2.1 want: ^1.0.3
367 silly placeDep ROOT etag@1.8.1 OK for: express@5.2.1 want: ^1.8.1
368 silly placeDep ROOT finalhandler@2.1.1 OK for: express@5.2.1 want: ^2.1.0
369 silly placeDep ROOT fresh@2.0.0 OK for: express@5.2.1 want: ^2.0.0
370 silly placeDep ROOT http-errors@2.0.1 OK for: express@5.2.1 want: ^2.0.0
371 silly placeDep ROOT merge-descriptors@2.0.0 OK for: express@5.2.1 want: ^2.0.0
372 silly placeDep ROOT mime-types@3.0.2 OK for: express@5.2.1 want: ^3.0.0
373 silly placeDep ROOT on-finished@2.4.1 OK for: express@5.2.1 want: ^2.4.1
374 silly placeDep ROOT once@1.4.0 OK for: express@5.2.1 want: ^1.4.0
375 silly placeDep ROOT parseurl@1.3.3 OK for: express@5.2.1 want: ^1.3.3
376 silly placeDep ROOT proxy-addr@2.0.7 OK for: express@5.2.1 want: ^2.0.7
377 silly placeDep ROOT qs@6.15.1 OK for: express@5.2.1 want: ^6.14.0
378 silly placeDep ROOT range-parser@1.2.1 OK for: express@5.2.1 want: ^1.2.1
379 silly placeDep ROOT router@2.2.0 OK for: express@5.2.1 want: ^2.2.0
380 silly placeDep ROOT send@1.2.1 OK for: express@5.2.1 want: ^1.1.0
381 silly placeDep ROOT serve-static@2.2.1 OK for: express@5.2.1 want: ^2.2.0
382 silly placeDep ROOT statuses@2.0.2 OK for: express@5.2.1 want: ^2.0.1
383 silly placeDep ROOT type-is@2.0.1 OK for: express@5.2.1 want: ^2.0.1
384 silly fetch manifest negotiator@^1.0.0
385 silly packumentCache full:https://registry.npmjs.org/negotiator cache-miss
386 http fetch GET 200 https://registry.npmjs.org/negotiator 18ms (cache miss)
387 silly packumentCache full:https://registry.npmjs.org/negotiator set size:undefined disposed:false
388 silly fetch manifest qs@^6.14.1
389 silly packumentCache full:https://registry.npmjs.org/qs cache-miss
390 http fetch GET 200 https://registry.npmjs.org/qs 4ms (cache hit)
391 silly packumentCache full:https://registry.npmjs.org/qs set size:353582 disposed:false
392 silly fetch manifest bytes@^3.1.2
393 silly packumentCache full:https://registry.npmjs.org/bytes cache-miss
394 http fetch GET 200 https://registry.npmjs.org/bytes 24ms (cache miss)
395 silly packumentCache full:https://registry.npmjs.org/bytes set size:undefined disposed:false
396 silly fetch manifest debug@^4.4.3
397 silly packumentCache full:https://registry.npmjs.org/debug cache-hit
398 silly fetch manifest raw-body@^3.0.1
399 silly packumentCache full:https://registry.npmjs.org/raw-body cache-miss
400 http fetch GET 200 https://registry.npmjs.org/raw-body 30ms (cache miss)
401 silly packumentCache full:https://registry.npmjs.org/raw-body set size:undefined disposed:false
402 silly fetch manifest iconv-lite@^0.7.0
403 silly packumentCache full:https://registry.npmjs.org/iconv-lite cache-miss
404 http fetch GET 200 https://registry.npmjs.org/iconv-lite 3ms (cache hit)
405 silly packumentCache full:https://registry.npmjs.org/iconv-lite set size:120557 disposed:false
406 silly fetch manifest ms@^2.1.3
407 silly packumentCache full:https://registry.npmjs.org/ms cache-miss
408 http fetch GET 200 https://registry.npmjs.org/ms 3ms (cache hit)
409 silly packumentCache full:https://registry.npmjs.org/ms set size:92208 disposed:false
410 silly fetch manifest inherits@~2.0.4
411 silly packumentCache full:https://registry.npmjs.org/inherits cache-miss
412 http fetch GET 200 https://registry.npmjs.org/inherits 21ms (cache miss)
413 silly packumentCache full:https://registry.npmjs.org/inherits set size:undefined disposed:false
414 silly fetch manifest setprototypeof@~1.2.0
415 silly packumentCache full:https://registry.npmjs.org/setprototypeof cache-miss
416 http fetch GET 200 https://registry.npmjs.org/setprototypeof 21ms (cache miss)
417 silly packumentCache full:https://registry.npmjs.org/setprototypeof set size:undefined disposed:false
418 silly fetch manifest statuses@~2.0.2
419 silly packumentCache full:https://registry.npmjs.org/statuses cache-miss
420 http fetch GET 200 https://registry.npmjs.org/statuses 3ms (cache hit)
421 silly packumentCache full:https://registry.npmjs.org/statuses set size:37117 disposed:false
422 silly fetch manifest toidentifier@~1.0.1
423 silly packumentCache full:https://registry.npmjs.org/toidentifier cache-miss
424 http fetch GET 200 https://registry.npmjs.org/toidentifier 18ms (cache miss)
425 silly packumentCache full:https://registry.npmjs.org/toidentifier set size:undefined disposed:false
426 silly fetch manifest mime-db@^1.54.0
427 silly packumentCache full:https://registry.npmjs.org/mime-db cache-miss
428 http fetch GET 200 https://registry.npmjs.org/mime-db 24ms (cache miss)
429 silly packumentCache full:https://registry.npmjs.org/mime-db set size:undefined disposed:false
430 silly fetch manifest ee-first@1.1.1
431 silly packumentCache full:https://registry.npmjs.org/ee-first cache-miss
432 http fetch GET 200 https://registry.npmjs.org/ee-first 18ms (cache miss)
433 silly packumentCache full:https://registry.npmjs.org/ee-first set size:undefined disposed:false
434 silly fetch manifest wrappy@1
435 silly packumentCache full:https://registry.npmjs.org/wrappy cache-miss
436 http fetch GET 200 https://registry.npmjs.org/wrappy 19ms (cache miss)
437 silly packumentCache full:https://registry.npmjs.org/wrappy set size:undefined disposed:false
438 silly fetch manifest forwarded@0.2.0
439 silly packumentCache full:https://registry.npmjs.org/forwarded cache-miss
440 http fetch GET 200 https://registry.npmjs.org/forwarded 20ms (cache miss)
441 silly packumentCache full:https://registry.npmjs.org/forwarded set size:undefined disposed:false
442 silly fetch manifest ipaddr.js@1.9.1
443 silly packumentCache full:https://registry.npmjs.org/ipaddr.js cache-miss
444 http fetch GET 200 https://registry.npmjs.org/ipaddr.js 22ms (cache miss)
445 silly packumentCache full:https://registry.npmjs.org/ipaddr.js set size:undefined disposed:false
446 silly fetch manifest side-channel@^1.1.0
447 silly packumentCache full:https://registry.npmjs.org/side-channel cache-miss
448 http fetch GET 200 https://registry.npmjs.org/side-channel 21ms (cache miss)
449 silly packumentCache full:https://registry.npmjs.org/side-channel set size:undefined disposed:false
450 silly fetch manifest is-promise@^4.0.0
451 silly packumentCache full:https://registry.npmjs.org/is-promise cache-miss
452 http fetch GET 200 https://registry.npmjs.org/is-promise 17ms (cache miss)
453 silly packumentCache full:https://registry.npmjs.org/is-promise set size:undefined disposed:false
454 silly fetch manifest path-to-regexp@^8.0.0
455 silly packumentCache full:https://registry.npmjs.org/path-to-regexp cache-miss
456 http fetch GET 200 https://registry.npmjs.org/path-to-regexp 24ms (cache miss)
457 silly packumentCache full:https://registry.npmjs.org/path-to-regexp set size:undefined disposed:false
458 silly fetch manifest statuses@^2.0.2
459 silly packumentCache full:https://registry.npmjs.org/statuses cache-hit
460 silly fetch manifest media-typer@^1.1.0
461 silly packumentCache full:https://registry.npmjs.org/media-typer cache-miss
462 http fetch GET 200 https://registry.npmjs.org/media-typer 36ms (cache miss)
463 silly packumentCache full:https://registry.npmjs.org/media-typer set size:undefined disposed:false
464 silly placeDep ROOT negotiator@1.0.0 OK for: accepts@2.0.0 want: ^1.0.0
465 silly placeDep ROOT bytes@3.1.2 OK for: body-parser@2.2.2 want: ^3.1.2
466 silly placeDep ROOT iconv-lite@0.7.2 OK for: body-parser@2.2.2 want: ^0.7.0
467 silly placeDep ROOT raw-body@3.0.2 OK for: body-parser@2.2.2 want: ^3.0.1
468 silly fetch manifest safer-buffer@>= 2.1.2 < 3.0.0
469 silly packumentCache full:https://registry.npmjs.org/safer-buffer cache-miss
470 http fetch GET 200 https://registry.npmjs.org/safer-buffer 19ms (cache miss)
471 silly packumentCache full:https://registry.npmjs.org/safer-buffer set size:undefined disposed:false
472 silly fetch manifest unpipe@~1.0.0
473 silly packumentCache full:https://registry.npmjs.org/unpipe cache-miss
474 http fetch GET 200 https://registry.npmjs.org/unpipe 18ms (cache miss)
475 silly packumentCache full:https://registry.npmjs.org/unpipe set size:undefined disposed:false
476 silly placeDep ROOT ms@2.1.3 OK for: debug@4.4.3 want: ^2.1.3
477 silly placeDep ROOT inherits@2.0.4 OK for: http-errors@2.0.1 want: ~2.0.4
478 silly placeDep ROOT setprototypeof@1.2.0 OK for: http-errors@2.0.1 want: ~1.2.0
479 silly placeDep ROOT toidentifier@1.0.1 OK for: http-errors@2.0.1 want: ~1.0.1
480 silly placeDep ROOT safer-buffer@2.1.2 OK for: iconv-lite@0.7.2 want: >= 2.1.2 < 3.0.0
481 silly placeDep ROOT jws@4.0.1 OK for: jsonwebtoken@9.0.3 want: ^4.0.1
482 silly placeDep ROOT lodash.includes@4.3.0 OK for: jsonwebtoken@9.0.3 want: ^4.3.0
483 silly placeDep ROOT lodash.isboolean@3.0.3 OK for: jsonwebtoken@9.0.3 want: ^3.0.3
484 silly placeDep ROOT lodash.isinteger@4.0.4 OK for: jsonwebtoken@9.0.3 want: ^4.0.4
485 silly placeDep ROOT lodash.isnumber@3.0.3 OK for: jsonwebtoken@9.0.3 want: ^3.0.3
486 silly placeDep ROOT lodash.isplainobject@4.0.6 OK for: jsonwebtoken@9.0.3 want: ^4.0.6
487 silly placeDep ROOT lodash.isstring@4.0.1 OK for: jsonwebtoken@9.0.3 want: ^4.0.1
488 silly placeDep ROOT lodash.once@4.1.1 OK for: jsonwebtoken@9.0.3 want: ^4.0.0
489 silly placeDep ROOT semver@7.7.4 OK for: jsonwebtoken@9.0.3 want: ^7.5.4
490 silly fetch manifest jwa@^2.0.1
491 silly packumentCache full:https://registry.npmjs.org/jwa cache-miss
492 http fetch GET 200 https://registry.npmjs.org/jwa 20ms (cache miss)
493 silly packumentCache full:https://registry.npmjs.org/jwa set size:undefined disposed:false
494 silly fetch manifest safe-buffer@^5.0.1
495 silly packumentCache full:https://registry.npmjs.org/safe-buffer cache-miss
496 http fetch GET 200 https://registry.npmjs.org/safe-buffer 22ms (cache miss)
497 silly packumentCache full:https://registry.npmjs.org/safe-buffer set size:undefined disposed:false
498 silly placeDep ROOT jwa@2.0.1 OK for: jws@4.0.1 want: ^2.0.1
499 silly placeDep ROOT safe-buffer@5.2.1 OK for: jws@4.0.1 want: ^5.0.1
500 silly fetch manifest ecdsa-sig-formatter@1.0.11
501 silly packumentCache full:https://registry.npmjs.org/ecdsa-sig-formatter cache-miss
502 http fetch GET 200 https://registry.npmjs.org/ecdsa-sig-formatter 18ms (cache miss)
503 silly packumentCache full:https://registry.npmjs.org/ecdsa-sig-formatter set size:undefined disposed:false
504 silly fetch manifest buffer-equal-constant-time@^1.0.1
505 silly packumentCache full:https://registry.npmjs.org/buffer-equal-constant-time cache-miss
506 http fetch GET 200 https://registry.npmjs.org/buffer-equal-constant-time 17ms (cache miss)
507 silly packumentCache full:https://registry.npmjs.org/buffer-equal-constant-time set size:undefined disposed:false
508 silly placeDep ROOT buffer-equal-constant-time@1.0.1 OK for: jwa@2.0.1 want: ^1.0.1
509 silly placeDep ROOT ecdsa-sig-formatter@1.0.11 OK for: jwa@2.0.1 want: 1.0.11
510 silly placeDep ROOT mime-db@1.54.0 OK for: mime-types@3.0.2 want: ^1.54.0
511 silly placeDep ROOT aws-ssl-profiles@1.1.2 OK for: mysql2@3.22.3 want: ^1.1.2
512 silly placeDep ROOT denque@2.1.0 OK for: mysql2@3.22.3 want: ^2.1.0
513 silly placeDep ROOT generate-function@2.3.1 OK for: mysql2@3.22.3 want: ^2.3.1
514 silly placeDep ROOT long@5.3.2 OK for: mysql2@3.22.3 want: ^5.3.2
515 silly placeDep ROOT lru.min@1.1.4 OK for: mysql2@3.22.3 want: ^1.1.4
516 silly placeDep ROOT named-placeholders@1.1.6 OK for: mysql2@3.22.3 want: ^1.1.6
517 silly placeDep ROOT sql-escaper@1.3.3 OK for: mysql2@3.22.3 want: ^1.3.3
518 silly fetch manifest is-property@^1.0.2
519 silly packumentCache full:https://registry.npmjs.org/is-property cache-miss
520 http fetch GET 200 https://registry.npmjs.org/is-property 18ms (cache miss)
521 silly packumentCache full:https://registry.npmjs.org/is-property set size:undefined disposed:false
522 silly placeDep ROOT is-property@1.0.2 OK for: generate-function@2.3.1 want: ^1.0.2
523 silly placeDep ROOT chokidar@3.6.0 OK for: nodemon@3.1.14 want: ^3.5.2
524 silly placeDep ROOT ignore-by-default@1.0.1 OK for: nodemon@3.1.14 want: ^1.0.1
525 silly placeDep ROOT minimatch@10.2.5 OK for: nodemon@3.1.14 want: ^10.2.1
526 silly placeDep ROOT pstree.remy@1.1.8 OK for: nodemon@3.1.14 want: ^1.1.8
527 silly placeDep ROOT simple-update-notifier@2.0.0 OK for: nodemon@3.1.14 want: ^2.0.0
528 silly placeDep ROOT supports-color@5.5.0 OK for: nodemon@3.1.14 want: ^5.5.0
529 silly placeDep ROOT touch@3.1.1 OK for: nodemon@3.1.14 want: ^3.1.0
530 silly placeDep ROOT undefsafe@2.0.5 OK for: nodemon@3.1.14 want: ^2.0.5
531 silly fetch manifest braces@~3.0.2
532 silly packumentCache full:https://registry.npmjs.org/braces cache-miss
533 http fetch GET 200 https://registry.npmjs.org/braces 22ms (cache miss)
534 silly packumentCache full:https://registry.npmjs.org/braces set size:undefined disposed:false
535 silly fetch manifest is-glob@~4.0.1
536 silly packumentCache full:https://registry.npmjs.org/is-glob cache-miss
537 http fetch GET 200 https://registry.npmjs.org/is-glob 17ms (cache miss)
538 silly packumentCache full:https://registry.npmjs.org/is-glob set size:undefined disposed:false
539 silly fetch manifest anymatch@~3.1.2
540 silly packumentCache full:https://registry.npmjs.org/anymatch cache-miss
541 http fetch GET 200 https://registry.npmjs.org/anymatch 20ms (cache miss)
542 silly packumentCache full:https://registry.npmjs.org/anymatch set size:undefined disposed:false
543 silly fetch manifest readdirp@~3.6.0
544 silly packumentCache full:https://registry.npmjs.org/readdirp cache-miss
545 http fetch GET 200 https://registry.npmjs.org/readdirp 23ms (cache miss)
546 silly packumentCache full:https://registry.npmjs.org/readdirp set size:undefined disposed:false
547 silly fetch manifest glob-parent@~5.1.2
548 silly packumentCache full:https://registry.npmjs.org/glob-parent cache-miss
549 http fetch GET 200 https://registry.npmjs.org/glob-parent 19ms (cache miss)
550 silly packumentCache full:https://registry.npmjs.org/glob-parent set size:undefined disposed:false
551 silly fetch manifest is-binary-path@~2.1.0
552 silly packumentCache full:https://registry.npmjs.org/is-binary-path cache-miss
553 http fetch GET 200 https://registry.npmjs.org/is-binary-path 30ms (cache miss)
554 silly packumentCache full:https://registry.npmjs.org/is-binary-path set size:undefined disposed:false
555 silly fetch manifest normalize-path@~3.0.0
556 silly packumentCache full:https://registry.npmjs.org/normalize-path cache-miss
557 http fetch GET 200 https://registry.npmjs.org/normalize-path 22ms (cache miss)
558 silly packumentCache full:https://registry.npmjs.org/normalize-path set size:undefined disposed:false
559 silly fetch manifest fsevents@~2.3.2
560 silly packumentCache full:https://registry.npmjs.org/fsevents cache-miss
561 http fetch GET 200 https://registry.npmjs.org/fsevents 57ms (cache miss)
562 silly packumentCache full:https://registry.npmjs.org/fsevents set size:undefined disposed:false
563 silly fetch manifest brace-expansion@^5.0.5
564 silly packumentCache full:https://registry.npmjs.org/brace-expansion cache-miss
565 http fetch GET 200 https://registry.npmjs.org/brace-expansion 23ms (cache miss)
566 silly packumentCache full:https://registry.npmjs.org/brace-expansion set size:undefined disposed:false
567 silly fetch manifest has-flag@^3.0.0
568 silly packumentCache full:https://registry.npmjs.org/has-flag cache-miss
569 http fetch GET 200 https://registry.npmjs.org/has-flag 17ms (cache miss)
570 silly packumentCache full:https://registry.npmjs.org/has-flag set size:undefined disposed:false
571 silly placeDep ROOT anymatch@3.1.3 OK for: chokidar@3.6.0 want: ~3.1.2
572 silly placeDep ROOT braces@3.0.3 OK for: chokidar@3.6.0 want: ~3.0.2
573 silly placeDep ROOT fsevents@2.3.3 OK for: chokidar@3.6.0 want: ~2.3.2
574 silly placeDep ROOT glob-parent@5.1.2 OK for: chokidar@3.6.0 want: ~5.1.2
575 silly placeDep ROOT is-binary-path@2.1.0 OK for: chokidar@3.6.0 want: ~2.1.0
576 silly placeDep ROOT is-glob@4.0.3 OK for: chokidar@3.6.0 want: ~4.0.1
577 silly placeDep ROOT normalize-path@3.0.0 OK for: chokidar@3.6.0 want: ~3.0.0
578 silly placeDep ROOT readdirp@3.6.0 OK for: chokidar@3.6.0 want: ~3.6.0
579 silly fetch manifest picomatch@^2.0.4
580 silly packumentCache full:https://registry.npmjs.org/picomatch cache-miss
581 http fetch GET 200 https://registry.npmjs.org/picomatch 21ms (cache miss)
582 silly packumentCache full:https://registry.npmjs.org/picomatch set size:undefined disposed:false
583 silly fetch manifest normalize-path@^3.0.0
584 silly packumentCache full:https://registry.npmjs.org/normalize-path cache-miss
585 http fetch GET 200 https://registry.npmjs.org/normalize-path 6ms (cache hit)
586 silly packumentCache full:https://registry.npmjs.org/normalize-path set size:28713 disposed:false
587 silly fetch manifest fill-range@^7.1.1
588 silly packumentCache full:https://registry.npmjs.org/fill-range cache-miss
589 http fetch GET 200 https://registry.npmjs.org/fill-range 22ms (cache miss)
590 silly packumentCache full:https://registry.npmjs.org/fill-range set size:undefined disposed:false
591 silly fetch manifest is-glob@^4.0.1
592 silly packumentCache full:https://registry.npmjs.org/is-glob cache-miss
593 http fetch GET 200 https://registry.npmjs.org/is-glob 3ms (cache hit)
594 silly packumentCache full:https://registry.npmjs.org/is-glob set size:40530 disposed:false
595 silly fetch manifest binary-extensions@^2.0.0
596 silly packumentCache full:https://registry.npmjs.org/binary-extensions cache-miss
597 http fetch GET 200 https://registry.npmjs.org/binary-extensions 19ms (cache miss)
598 silly packumentCache full:https://registry.npmjs.org/binary-extensions set size:undefined disposed:false
599 silly fetch manifest is-extglob@^2.1.1
600 silly packumentCache full:https://registry.npmjs.org/is-extglob cache-miss
601 http fetch GET 200 https://registry.npmjs.org/is-extglob 19ms (cache miss)
602 silly packumentCache full:https://registry.npmjs.org/is-extglob set size:undefined disposed:false
603 silly fetch manifest picomatch@^2.2.1
604 silly packumentCache full:https://registry.npmjs.org/picomatch cache-miss
605 http fetch GET 200 https://registry.npmjs.org/picomatch 5ms (cache hit)
606 silly packumentCache full:https://registry.npmjs.org/picomatch set size:126376 disposed:false
607 silly placeDep ROOT picomatch@2.3.2 OK for: anymatch@3.1.3 want: ^2.0.4
608 silly placeDep ROOT fill-range@7.1.1 OK for: braces@3.0.3 want: ^7.1.1
609 silly fetch manifest to-regex-range@^5.0.1
610 silly packumentCache full:https://registry.npmjs.org/to-regex-range cache-miss
611 http fetch GET 200 https://registry.npmjs.org/to-regex-range 25ms (cache miss)
612 silly packumentCache full:https://registry.npmjs.org/to-regex-range set size:undefined disposed:false
613 silly placeDep ROOT to-regex-range@5.0.1 OK for: fill-range@7.1.1 want: ^5.0.1
614 silly fetch manifest is-number@^7.0.0
615 silly packumentCache full:https://registry.npmjs.org/is-number cache-miss
616 http fetch GET 200 https://registry.npmjs.org/is-number 21ms (cache miss)
617 silly packumentCache full:https://registry.npmjs.org/is-number set size:undefined disposed:false
618 silly placeDep ROOT binary-extensions@2.3.0 OK for: is-binary-path@2.1.0 want: ^2.0.0
619 silly placeDep ROOT is-extglob@2.1.1 OK for: is-glob@4.0.3 want: ^2.1.1
620 silly placeDep ROOT brace-expansion@5.0.5 OK for: minimatch@10.2.5 want: ^5.0.5
621 silly fetch manifest balanced-match@^4.0.2
622 silly packumentCache full:https://registry.npmjs.org/balanced-match cache-miss
623 http fetch GET 200 https://registry.npmjs.org/balanced-match 22ms (cache miss)
624 silly packumentCache full:https://registry.npmjs.org/balanced-match set size:undefined disposed:false
625 silly placeDep ROOT balanced-match@4.0.4 OK for: brace-expansion@5.0.5 want: ^4.0.2
626 silly placeDep ROOT ee-first@1.1.1 OK for: on-finished@2.4.1 want: 1.1.1
627 silly placeDep ROOT wrappy@1.0.2 OK for: once@1.4.0 want: 1
628 silly placeDep ROOT forwarded@0.2.0 OK for: proxy-addr@2.0.7 want: 0.2.0
629 silly placeDep ROOT ipaddr.js@1.9.1 OK for: proxy-addr@2.0.7 want: 1.9.1
630 silly placeDep ROOT side-channel@1.1.0 OK for: qs@6.15.1 want: ^1.1.0
631 silly fetch manifest es-errors@^1.3.0
632 silly packumentCache full:https://registry.npmjs.org/es-errors cache-miss
633 http fetch GET 200 https://registry.npmjs.org/es-errors 22ms (cache miss)
634 silly packumentCache full:https://registry.npmjs.org/es-errors set size:undefined disposed:false
635 silly fetch manifest object-inspect@^1.13.3
636 silly packumentCache full:https://registry.npmjs.org/object-inspect cache-miss
637 http fetch GET 200 https://registry.npmjs.org/object-inspect 20ms (cache miss)
638 silly packumentCache full:https://registry.npmjs.org/object-inspect set size:undefined disposed:false
639 silly fetch manifest side-channel-list@^1.0.0
640 silly packumentCache full:https://registry.npmjs.org/side-channel-list cache-miss
641 http fetch GET 200 https://registry.npmjs.org/side-channel-list 33ms (cache miss)
642 silly packumentCache full:https://registry.npmjs.org/side-channel-list set size:undefined disposed:false
643 silly fetch manifest side-channel-map@^1.0.1
644 silly packumentCache full:https://registry.npmjs.org/side-channel-map cache-miss
645 http fetch GET 200 https://registry.npmjs.org/side-channel-map 22ms (cache miss)
646 silly packumentCache full:https://registry.npmjs.org/side-channel-map set size:undefined disposed:false
647 silly fetch manifest side-channel-weakmap@^1.0.2
648 silly packumentCache full:https://registry.npmjs.org/side-channel-weakmap cache-miss
649 http fetch GET 200 https://registry.npmjs.org/side-channel-weakmap 19ms (cache miss)
650 silly packumentCache full:https://registry.npmjs.org/side-channel-weakmap set size:undefined disposed:false
651 silly placeDep ROOT unpipe@1.0.0 OK for: raw-body@3.0.2 want: ~1.0.0
652 silly placeDep ROOT is-promise@4.0.0 OK for: router@2.2.0 want: ^4.0.0
653 silly placeDep ROOT path-to-regexp@8.4.2 OK for: router@2.2.0 want: ^8.0.0
654 silly placeDep ROOT @types/debug@4.1.13 OK for: sequelize@6.37.8 want: ^4.1.8
655 silly placeDep ROOT @types/validator@13.15.10 OK for: sequelize@6.37.8 want: ^13.7.17
656 silly placeDep ROOT dottie@2.0.7 OK for: sequelize@6.37.8 want: ^2.0.6
657 silly placeDep ROOT inflection@1.13.4 OK for: sequelize@6.37.8 want: ^1.13.4
658 silly placeDep ROOT lodash@4.18.1 OK for: sequelize@6.37.8 want: ^4.17.21
659 silly placeDep ROOT moment@2.30.1 OK for: sequelize@6.37.8 want: ^2.29.4
660 silly placeDep ROOT moment-timezone@0.5.48 OK for: sequelize@6.37.8 want: ^0.5.43
661 silly placeDep ROOT pg-connection-string@2.12.0 OK for: sequelize@6.37.8 want: ^2.6.1
662 silly placeDep ROOT retry-as-promised@7.1.1 OK for: sequelize@6.37.8 want: ^7.0.4
663 silly placeDep ROOT sequelize-pool@7.1.0 OK for: sequelize@6.37.8 want: ^7.1.0
664 silly placeDep ROOT toposort-class@1.0.1 OK for: sequelize@6.37.8 want: ^1.0.1
665 silly placeDep ROOT uuid@8.3.2 OK for: sequelize@6.37.8 want: ^8.3.2
666 silly placeDep ROOT validator@13.15.35 OK for: sequelize@6.37.8 want: ^13.9.0
667 silly placeDep ROOT wkx@0.5.0 OK for: sequelize@6.37.8 want: ^0.5.0
668 silly fetch manifest @types/ms@*
669 silly packumentCache full:https://registry.npmjs.org/@types%2fms cache-miss
670 http fetch GET 200 https://registry.npmjs.org/@types%2fms 25ms (cache miss)
671 silly packumentCache full:https://registry.npmjs.org/@types%2fms set size:undefined disposed:false
672 silly placeDep ROOT @types/ms@2.1.0 OK for: @types/debug@4.1.13 want: *
673 silly placeDep ROOT es-errors@1.3.0 OK for: side-channel@1.1.0 want: ^1.3.0
674 silly placeDep ROOT object-inspect@1.13.4 OK for: side-channel@1.1.0 want: ^1.13.3
675 silly placeDep ROOT side-channel-list@1.0.1 OK for: side-channel@1.1.0 want: ^1.0.0
676 silly placeDep ROOT side-channel-map@1.0.1 OK for: side-channel@1.1.0 want: ^1.0.1
677 silly placeDep ROOT side-channel-weakmap@1.0.2 OK for: side-channel@1.1.0 want: ^1.0.2
678 silly fetch manifest call-bound@^1.0.2
679 silly packumentCache full:https://registry.npmjs.org/call-bound cache-miss
680 http fetch GET 200 https://registry.npmjs.org/call-bound 17ms (cache miss)
681 silly packumentCache full:https://registry.npmjs.org/call-bound set size:undefined disposed:false
682 silly fetch manifest get-intrinsic@^1.2.5
683 silly packumentCache full:https://registry.npmjs.org/get-intrinsic cache-miss
684 http fetch GET 200 https://registry.npmjs.org/get-intrinsic 18ms (cache miss)
685 silly packumentCache full:https://registry.npmjs.org/get-intrinsic set size:undefined disposed:false
686 silly placeDep ROOT call-bound@1.0.4 OK for: side-channel-map@1.0.1 want: ^1.0.2
687 silly placeDep ROOT get-intrinsic@1.3.0 OK for: side-channel-map@1.0.1 want: ^1.2.5
688 silly fetch manifest call-bind-apply-helpers@^1.0.2
689 silly packumentCache full:https://registry.npmjs.org/call-bind-apply-helpers cache-miss
690 http fetch GET 200 https://registry.npmjs.org/call-bind-apply-helpers 18ms (cache miss)
691 silly packumentCache full:https://registry.npmjs.org/call-bind-apply-helpers set size:undefined disposed:false
692 silly fetch manifest get-intrinsic@^1.3.0
693 silly packumentCache full:https://registry.npmjs.org/get-intrinsic cache-miss
694 http fetch GET 200 https://registry.npmjs.org/get-intrinsic 3ms (cache hit)
695 silly packumentCache full:https://registry.npmjs.org/get-intrinsic set size:60985 disposed:false
696 silly fetch manifest gopd@^1.2.0
697 silly packumentCache full:https://registry.npmjs.org/gopd cache-miss
698 http fetch GET 200 https://registry.npmjs.org/gopd 19ms (cache miss)
699 silly packumentCache full:https://registry.npmjs.org/gopd set size:undefined disposed:false
700 silly fetch manifest hasown@^2.0.2
701 silly packumentCache full:https://registry.npmjs.org/hasown cache-miss
702 http fetch GET 200 https://registry.npmjs.org/hasown 16ms (cache miss)
703 silly packumentCache full:https://registry.npmjs.org/hasown set size:undefined disposed:false
704 silly fetch manifest get-proto@^1.0.1
705 silly packumentCache full:https://registry.npmjs.org/get-proto cache-miss
706 http fetch GET 200 https://registry.npmjs.org/get-proto 20ms (cache miss)
707 silly packumentCache full:https://registry.npmjs.org/get-proto set size:undefined disposed:false
708 silly fetch manifest has-symbols@^1.1.0
709 silly packumentCache full:https://registry.npmjs.org/has-symbols cache-miss
710 http fetch GET 200 https://registry.npmjs.org/has-symbols 18ms (cache miss)
711 silly packumentCache full:https://registry.npmjs.org/has-symbols set size:undefined disposed:false
712 silly fetch manifest function-bind@^1.1.2
713 silly packumentCache full:https://registry.npmjs.org/function-bind cache-miss
714 http fetch GET 200 https://registry.npmjs.org/function-bind 24ms (cache miss)
715 silly packumentCache full:https://registry.npmjs.org/function-bind set size:undefined disposed:false
716 silly fetch manifest es-object-atoms@^1.1.1
717 silly packumentCache full:https://registry.npmjs.org/es-object-atoms cache-miss
718 http fetch GET 200 https://registry.npmjs.org/es-object-atoms 18ms (cache miss)
719 silly packumentCache full:https://registry.npmjs.org/es-object-atoms set size:undefined disposed:false
720 silly fetch manifest math-intrinsics@^1.1.0
721 silly packumentCache full:https://registry.npmjs.org/math-intrinsics cache-miss
722 http fetch GET 200 https://registry.npmjs.org/math-intrinsics 18ms (cache miss)
723 silly packumentCache full:https://registry.npmjs.org/math-intrinsics set size:undefined disposed:false
724 silly fetch manifest es-define-property@^1.0.1
725 silly packumentCache full:https://registry.npmjs.org/es-define-property cache-miss
726 http fetch GET 200 https://registry.npmjs.org/es-define-property 20ms (cache miss)
727 silly packumentCache full:https://registry.npmjs.org/es-define-property set size:undefined disposed:false
728 silly placeDep ROOT call-bind-apply-helpers@1.0.2 OK for: call-bound@1.0.4 want: ^1.0.2
729 silly placeDep ROOT function-bind@1.1.2 OK for: call-bind-apply-helpers@1.0.2 want: ^1.1.2
730 silly placeDep ROOT es-define-property@1.0.1 OK for: get-intrinsic@1.3.0 want: ^1.0.1
731 silly placeDep ROOT es-object-atoms@1.1.1 OK for: get-intrinsic@1.3.0 want: ^1.1.1
732 silly placeDep ROOT get-proto@1.0.1 OK for: get-intrinsic@1.3.0 want: ^1.0.1
733 silly placeDep ROOT gopd@1.2.0 OK for: get-intrinsic@1.3.0 want: ^1.2.0
734 silly placeDep ROOT has-symbols@1.1.0 OK for: get-intrinsic@1.3.0 want: ^1.1.0
735 silly placeDep ROOT hasown@2.0.3 OK for: get-intrinsic@1.3.0 want: ^2.0.2
736 silly placeDep ROOT math-intrinsics@1.1.0 OK for: get-intrinsic@1.3.0 want: ^1.1.0
737 silly fetch manifest dunder-proto@^1.0.1
738 silly packumentCache full:https://registry.npmjs.org/dunder-proto cache-miss
739 http fetch GET 200 https://registry.npmjs.org/dunder-proto 56ms (cache miss)
740 silly packumentCache full:https://registry.npmjs.org/dunder-proto set size:undefined disposed:false
741 silly placeDep ROOT dunder-proto@1.0.1 OK for: get-proto@1.0.1 want: ^1.0.1
742 silly placeDep ROOT has-flag@3.0.0 OK for: supports-color@5.5.0 want: ^3.0.0
743 silly placeDep ROOT is-number@7.0.0 OK for: to-regex-range@5.0.1 want: ^7.0.0
744 silly placeDep ROOT media-typer@1.1.0 OK for: type-is@2.0.1 want: ^1.1.0
745 silly reify moves {}
746 verbose reify failed optional dependency /root/ecommerce-app/node_modules/fsevents
747 silly reify mark deleted [ '/root/ecommerce-app/node_modules/fsevents' ]
748 silly tarball no local data for media-typer@https://registry.npmjs.org/media-typer/-/media-typer-1.1.0.tgz. Extracting by manifest.
749 silly tarball no local data for has-flag@https://registry.npmjs.org/has-flag/-/has-flag-3.0.0.tgz. Extracting by manifest.
750 silly tarball no local data for is-number@https://registry.npmjs.org/is-number/-/is-number-7.0.0.tgz. Extracting by manifest.
751 silly tarball no local data for dunder-proto@https://registry.npmjs.org/dunder-proto/-/dunder-proto-1.0.1.tgz. Extracting by manifest.
752 silly tarball no local data for math-intrinsics@https://registry.npmjs.org/math-intrinsics/-/math-intrinsics-1.1.0.tgz. Extracting by manifest.
753 silly tarball no local data for hasown@https://registry.npmjs.org/hasown/-/hasown-2.0.3.tgz. Extracting by manifest.
754 silly tarball no local data for has-symbols@https://registry.npmjs.org/has-symbols/-/has-symbols-1.1.0.tgz. Extracting by manifest.
755 silly tarball no local data for gopd@https://registry.npmjs.org/gopd/-/gopd-1.2.0.tgz. Extracting by manifest.
756 silly tarball no local data for get-proto@https://registry.npmjs.org/get-proto/-/get-proto-1.0.1.tgz. Extracting by manifest.
757 silly tarball no local data for es-object-atoms@https://registry.npmjs.org/es-object-atoms/-/es-object-atoms-1.1.1.tgz. Extracting by manifest.
758 silly tarball no local data for es-define-property@https://registry.npmjs.org/es-define-property/-/es-define-property-1.0.1.tgz. Extracting by manifest.
759 silly tarball no local data for function-bind@https://registry.npmjs.org/function-bind/-/function-bind-1.1.2.tgz. Extracting by manifest.
760 silly tarball no local data for call-bind-apply-helpers@https://registry.npmjs.org/call-bind-apply-helpers/-/call-bind-apply-helpers-1.0.2.tgz. Extracting by manifest.
761 silly tarball no local data for get-intrinsic@https://registry.npmjs.org/get-intrinsic/-/get-intrinsic-1.3.0.tgz. Extracting by manifest.
762 silly tarball no local data for call-bound@https://registry.npmjs.org/call-bound/-/call-bound-1.0.4.tgz. Extracting by manifest.
763 silly tarball no local data for side-channel-weakmap@https://registry.npmjs.org/side-channel-weakmap/-/side-channel-weakmap-1.0.2.tgz. Extracting by manifest.
764 silly tarball no local data for side-channel-map@https://registry.npmjs.org/side-channel-map/-/side-channel-map-1.0.1.tgz. Extracting by manifest.
765 silly tarball no local data for side-channel-list@https://registry.npmjs.org/side-channel-list/-/side-channel-list-1.0.1.tgz. Extracting by manifest.
766 silly tarball no local data for object-inspect@https://registry.npmjs.org/object-inspect/-/object-inspect-1.13.4.tgz. Extracting by manifest.
767 silly tarball no local data for es-errors@https://registry.npmjs.org/es-errors/-/es-errors-1.3.0.tgz. Extracting by manifest.
768 silly tarball no local data for @types/ms@https://registry.npmjs.org/@types/ms/-/ms-2.1.0.tgz. Extracting by manifest.
769 silly tarball no local data for wkx@https://registry.npmjs.org/wkx/-/wkx-0.5.0.tgz. Extracting by manifest.
770 silly tarball no local data for validator@https://registry.npmjs.org/validator/-/validator-13.15.35.tgz. Extracting by manifest.
771 silly tarball no local data for uuid@https://registry.npmjs.org/uuid/-/uuid-8.3.2.tgz. Extracting by manifest.
772 silly tarball no local data for toposort-class@https://registry.npmjs.org/toposort-class/-/toposort-class-1.0.1.tgz. Extracting by manifest.
773 silly tarball no local data for sequelize-pool@https://registry.npmjs.org/sequelize-pool/-/sequelize-pool-7.1.0.tgz. Extracting by manifest.
774 silly tarball no local data for retry-as-promised@https://registry.npmjs.org/retry-as-promised/-/retry-as-promised-7.1.1.tgz. Extracting by manifest.
775 silly tarball no local data for pg-connection-string@https://registry.npmjs.org/pg-connection-string/-/pg-connection-string-2.12.0.tgz. Extracting by manifest.
776 silly tarball no local data for moment-timezone@https://registry.npmjs.org/moment-timezone/-/moment-timezone-0.5.48.tgz. Extracting by manifest.
777 silly tarball no local data for moment@https://registry.npmjs.org/moment/-/moment-2.30.1.tgz. Extracting by manifest.
778 silly tarball no local data for lodash@https://registry.npmjs.org/lodash/-/lodash-4.18.1.tgz. Extracting by manifest.
779 silly tarball no local data for inflection@https://registry.npmjs.org/inflection/-/inflection-1.13.4.tgz. Extracting by manifest.
780 silly tarball no local data for dottie@https://registry.npmjs.org/dottie/-/dottie-2.0.7.tgz. Extracting by manifest.
781 silly tarball no local data for @types/validator@https://registry.npmjs.org/@types/validator/-/validator-13.15.10.tgz. Extracting by manifest.
782 silly tarball no local data for @types/debug@https://registry.npmjs.org/@types/debug/-/debug-4.1.13.tgz. Extracting by manifest.
783 silly tarball no local data for path-to-regexp@https://registry.npmjs.org/path-to-regexp/-/path-to-regexp-8.4.2.tgz. Extracting by manifest.
784 silly tarball no local data for unpipe@https://registry.npmjs.org/unpipe/-/unpipe-1.0.0.tgz. Extracting by manifest.
785 silly tarball no local data for is-promise@https://registry.npmjs.org/is-promise/-/is-promise-4.0.0.tgz. Extracting by manifest.
786 silly tarball no local data for side-channel@https://registry.npmjs.org/side-channel/-/side-channel-1.1.0.tgz. Extracting by manifest.
787 silly tarball no local data for ipaddr.js@https://registry.npmjs.org/ipaddr.js/-/ipaddr.js-1.9.1.tgz. Extracting by manifest.
788 silly tarball no local data for forwarded@https://registry.npmjs.org/forwarded/-/forwarded-0.2.0.tgz. Extracting by manifest.
789 silly tarball no local data for wrappy@https://registry.npmjs.org/wrappy/-/wrappy-1.0.2.tgz. Extracting by manifest.
790 silly tarball no local data for ee-first@https://registry.npmjs.org/ee-first/-/ee-first-1.1.1.tgz. Extracting by manifest.
791 silly tarball no local data for balanced-match@https://registry.npmjs.org/balanced-match/-/balanced-match-4.0.4.tgz. Extracting by manifest.
792 silly tarball no local data for brace-expansion@https://registry.npmjs.org/brace-expansion/-/brace-expansion-5.0.5.tgz. Extracting by manifest.
793 silly tarball no local data for is-extglob@https://registry.npmjs.org/is-extglob/-/is-extglob-2.1.1.tgz. Extracting by manifest.
794 silly tarball no local data for binary-extensions@https://registry.npmjs.org/binary-extensions/-/binary-extensions-2.3.0.tgz. Extracting by manifest.
795 silly tarball no local data for to-regex-range@https://registry.npmjs.org/to-regex-range/-/to-regex-range-5.0.1.tgz. Extracting by manifest.
796 silly tarball no local data for fill-range@https://registry.npmjs.org/fill-range/-/fill-range-7.1.1.tgz. Extracting by manifest.
797 silly tarball no local data for picomatch@https://registry.npmjs.org/picomatch/-/picomatch-2.3.2.tgz. Extracting by manifest.
798 silly tarball no local data for readdirp@https://registry.npmjs.org/readdirp/-/readdirp-3.6.0.tgz. Extracting by manifest.
799 silly tarball no local data for normalize-path@https://registry.npmjs.org/normalize-path/-/normalize-path-3.0.0.tgz. Extracting by manifest.
800 silly tarball no local data for is-glob@https://registry.npmjs.org/is-glob/-/is-glob-4.0.3.tgz. Extracting by manifest.
801 silly tarball no local data for is-binary-path@https://registry.npmjs.org/is-binary-path/-/is-binary-path-2.1.0.tgz. Extracting by manifest.
802 silly tarball no local data for glob-parent@https://registry.npmjs.org/glob-parent/-/glob-parent-5.1.2.tgz. Extracting by manifest.
803 silly tarball no local data for anymatch@https://registry.npmjs.org/anymatch/-/anymatch-3.1.3.tgz. Extracting by manifest.
804 silly tarball no local data for braces@https://registry.npmjs.org/braces/-/braces-3.0.3.tgz. Extracting by manifest.
805 silly tarball no local data for undefsafe@https://registry.npmjs.org/undefsafe/-/undefsafe-2.0.5.tgz. Extracting by manifest.
806 silly tarball no local data for touch@https://registry.npmjs.org/touch/-/touch-3.1.1.tgz. Extracting by manifest.
807 silly tarball no local data for supports-color@https://registry.npmjs.org/supports-color/-/supports-color-5.5.0.tgz. Extracting by manifest.
808 silly tarball no local data for simple-update-notifier@https://registry.npmjs.org/simple-update-notifier/-/simple-update-notifier-2.0.0.tgz. Extracting by manifest.
809 silly tarball no local data for pstree.remy@https://registry.npmjs.org/pstree.remy/-/pstree.remy-1.1.8.tgz. Extracting by manifest.
810 silly tarball no local data for minimatch@https://registry.npmjs.org/minimatch/-/minimatch-10.2.5.tgz. Extracting by manifest.
811 silly tarball no local data for ignore-by-default@https://registry.npmjs.org/ignore-by-default/-/ignore-by-default-1.0.1.tgz. Extracting by manifest.
812 silly tarball no local data for chokidar@https://registry.npmjs.org/chokidar/-/chokidar-3.6.0.tgz. Extracting by manifest.
813 silly tarball no local data for is-property@https://registry.npmjs.org/is-property/-/is-property-1.0.2.tgz. Extracting by manifest.
814 silly tarball no local data for sql-escaper@https://registry.npmjs.org/sql-escaper/-/sql-escaper-1.3.3.tgz. Extracting by manifest.
815 silly tarball no local data for named-placeholders@https://registry.npmjs.org/named-placeholders/-/named-placeholders-1.1.6.tgz. Extracting by manifest.
816 silly tarball no local data for lru.min@https://registry.npmjs.org/lru.min/-/lru.min-1.1.4.tgz. Extracting by manifest.
817 silly tarball no local data for long@https://registry.npmjs.org/long/-/long-5.3.2.tgz. Extracting by manifest.
818 silly tarball no local data for generate-function@https://registry.npmjs.org/generate-function/-/generate-function-2.3.1.tgz. Extracting by manifest.
819 silly tarball no local data for denque@https://registry.npmjs.org/denque/-/denque-2.1.0.tgz. Extracting by manifest.
820 silly tarball no local data for aws-ssl-profiles@https://registry.npmjs.org/aws-ssl-profiles/-/aws-ssl-profiles-1.1.2.tgz. Extracting by manifest.
821 silly tarball no local data for mime-db@https://registry.npmjs.org/mime-db/-/mime-db-1.54.0.tgz. Extracting by manifest.
822 silly tarball no local data for ecdsa-sig-formatter@https://registry.npmjs.org/ecdsa-sig-formatter/-/ecdsa-sig-formatter-1.0.11.tgz. Extracting by manifest.
823 silly tarball no local data for buffer-equal-constant-time@https://registry.npmjs.org/buffer-equal-constant-time/-/buffer-equal-constant-time-1.0.1.tgz. Extracting by manifest.
824 silly tarball no local data for safe-buffer@https://registry.npmjs.org/safe-buffer/-/safe-buffer-5.2.1.tgz. Extracting by manifest.
825 silly tarball no local data for jwa@https://registry.npmjs.org/jwa/-/jwa-2.0.1.tgz. Extracting by manifest.
826 silly tarball no local data for semver@https://registry.npmjs.org/semver/-/semver-7.7.4.tgz. Extracting by manifest.
827 silly tarball no local data for lodash.once@https://registry.npmjs.org/lodash.once/-/lodash.once-4.1.1.tgz. Extracting by manifest.
828 silly tarball no local data for lodash.isstring@https://registry.npmjs.org/lodash.isstring/-/lodash.isstring-4.0.1.tgz. Extracting by manifest.
829 silly tarball no local data for lodash.isplainobject@https://registry.npmjs.org/lodash.isplainobject/-/lodash.isplainobject-4.0.6.tgz. Extracting by manifest.
830 silly tarball no local data for lodash.isnumber@https://registry.npmjs.org/lodash.isnumber/-/lodash.isnumber-3.0.3.tgz. Extracting by manifest.
831 silly tarball no local data for lodash.isinteger@https://registry.npmjs.org/lodash.isinteger/-/lodash.isinteger-4.0.4.tgz. Extracting by manifest.
832 silly tarball no local data for lodash.isboolean@https://registry.npmjs.org/lodash.isboolean/-/lodash.isboolean-3.0.3.tgz. Extracting by manifest.
833 silly tarball no local data for lodash.includes@https://registry.npmjs.org/lodash.includes/-/lodash.includes-4.3.0.tgz. Extracting by manifest.
834 silly tarball no local data for jws@https://registry.npmjs.org/jws/-/jws-4.0.1.tgz. Extracting by manifest.
835 silly tarball no local data for safer-buffer@https://registry.npmjs.org/safer-buffer/-/safer-buffer-2.1.2.tgz. Extracting by manifest.
836 silly tarball no local data for toidentifier@https://registry.npmjs.org/toidentifier/-/toidentifier-1.0.1.tgz. Extracting by manifest.
837 silly tarball no local data for setprototypeof@https://registry.npmjs.org/setprototypeof/-/setprototypeof-1.2.0.tgz. Extracting by manifest.
838 silly tarball no local data for inherits@https://registry.npmjs.org/inherits/-/inherits-2.0.4.tgz. Extracting by manifest.
839 silly tarball no local data for raw-body@https://registry.npmjs.org/raw-body/-/raw-body-3.0.2.tgz. Extracting by manifest.
840 silly tarball no local data for ms@https://registry.npmjs.org/ms/-/ms-2.1.3.tgz. Extracting by manifest.
841 silly tarball no local data for iconv-lite@https://registry.npmjs.org/iconv-lite/-/iconv-lite-0.7.2.tgz. Extracting by manifest.
842 silly tarball no local data for bytes@https://registry.npmjs.org/bytes/-/bytes-3.1.2.tgz. Extracting by manifest.
843 silly tarball no local data for negotiator@https://registry.npmjs.org/negotiator/-/negotiator-1.0.0.tgz. Extracting by manifest.
844 silly tarball no local data for type-is@https://registry.npmjs.org/type-is/-/type-is-2.0.1.tgz. Extracting by manifest.
845 silly tarball no local data for statuses@https://registry.npmjs.org/statuses/-/statuses-2.0.2.tgz. Extracting by manifest.
846 silly tarball no local data for serve-static@https://registry.npmjs.org/serve-static/-/serve-static-2.2.1.tgz. Extracting by manifest.
847 silly tarball no local data for send@https://registry.npmjs.org/send/-/send-1.2.1.tgz. Extracting by manifest.
848 silly tarball no local data for router@https://registry.npmjs.org/router/-/router-2.2.0.tgz. Extracting by manifest.
849 silly tarball no local data for range-parser@https://registry.npmjs.org/range-parser/-/range-parser-1.2.1.tgz. Extracting by manifest.
850 silly tarball no local data for qs@https://registry.npmjs.org/qs/-/qs-6.15.1.tgz. Extracting by manifest.
851 silly tarball no local data for proxy-addr@https://registry.npmjs.org/proxy-addr/-/proxy-addr-2.0.7.tgz. Extracting by manifest.
852 silly tarball no local data for parseurl@https://registry.npmjs.org/parseurl/-/parseurl-1.3.3.tgz. Extracting by manifest.
853 silly tarball no local data for once@https://registry.npmjs.org/once/-/once-1.4.0.tgz. Extracting by manifest.
854 silly tarball no local data for on-finished@https://registry.npmjs.org/on-finished/-/on-finished-2.4.1.tgz. Extracting by manifest.
855 silly tarball no local data for mime-types@https://registry.npmjs.org/mime-types/-/mime-types-3.0.2.tgz. Extracting by manifest.
856 silly tarball no local data for merge-descriptors@https://registry.npmjs.org/merge-descriptors/-/merge-descriptors-2.0.0.tgz. Extracting by manifest.
857 silly tarball no local data for http-errors@https://registry.npmjs.org/http-errors/-/http-errors-2.0.1.tgz. Extracting by manifest.
858 silly tarball no local data for fresh@https://registry.npmjs.org/fresh/-/fresh-2.0.0.tgz. Extracting by manifest.
859 silly tarball no local data for finalhandler@https://registry.npmjs.org/finalhandler/-/finalhandler-2.1.1.tgz. Extracting by manifest.
860 silly tarball no local data for etag@https://registry.npmjs.org/etag/-/etag-1.8.1.tgz. Extracting by manifest.
861 silly tarball no local data for escape-html@https://registry.npmjs.org/escape-html/-/escape-html-1.0.3.tgz. Extracting by manifest.
862 silly tarball no local data for encodeurl@https://registry.npmjs.org/encodeurl/-/encodeurl-2.0.0.tgz. Extracting by manifest.
863 silly tarball no local data for depd@https://registry.npmjs.org/depd/-/depd-2.0.0.tgz. Extracting by manifest.
864 silly tarball no local data for debug@https://registry.npmjs.org/debug/-/debug-4.4.3.tgz. Extracting by manifest.
865 silly tarball no local data for cookie-signature@https://registry.npmjs.org/cookie-signature/-/cookie-signature-1.2.2.tgz. Extracting by manifest.
866 silly tarball no local data for cookie@https://registry.npmjs.org/cookie/-/cookie-0.7.2.tgz. Extracting by manifest.
867 silly tarball no local data for content-type@https://registry.npmjs.org/content-type/-/content-type-1.0.5.tgz. Extracting by manifest.
868 silly tarball no local data for content-disposition@https://registry.npmjs.org/content-disposition/-/content-disposition-1.1.0.tgz. Extracting by manifest.
869 silly tarball no local data for body-parser@https://registry.npmjs.org/body-parser/-/body-parser-2.2.2.tgz. Extracting by manifest.
870 silly tarball no local data for accepts@https://registry.npmjs.org/accepts/-/accepts-2.0.0.tgz. Extracting by manifest.
871 silly tarball no local data for object-assign@https://registry.npmjs.org/object-assign/-/object-assign-4.1.1.tgz. Extracting by manifest.
872 silly tarball no local data for vary@https://registry.npmjs.org/vary/-/vary-1.1.2.tgz. Extracting by manifest.
873 silly tarball no local data for undici-types@https://registry.npmjs.org/undici-types/-/undici-types-7.19.2.tgz. Extracting by manifest.
874 silly tarball no local data for sequelize@https://registry.npmjs.org/sequelize/-/sequelize-6.37.8.tgz. Extracting by manifest.
875 silly tarball no local data for nodemon@https://registry.npmjs.org/nodemon/-/nodemon-3.1.14.tgz. Extracting by manifest.
876 silly tarball no local data for @types/node@https://registry.npmjs.org/@types/node/-/node-25.6.0.tgz. Extracting by manifest.
877 silly tarball no local data for mysql2@https://registry.npmjs.org/mysql2/-/mysql2-3.22.3.tgz. Extracting by manifest.
878 silly tarball no local data for jsonwebtoken@https://registry.npmjs.org/jsonwebtoken/-/jsonwebtoken-9.0.3.tgz. Extracting by manifest.
879 silly tarball no local data for express@https://registry.npmjs.org/express/-/express-5.2.1.tgz. Extracting by manifest.
880 silly tarball no local data for dotenv@https://registry.npmjs.org/dotenv/-/dotenv-17.4.2.tgz. Extracting by manifest.
881 silly tarball no local data for cors@https://registry.npmjs.org/cors/-/cors-2.8.6.tgz. Extracting by manifest.
882 silly tarball no local data for bcryptjs@https://registry.npmjs.org/bcryptjs/-/bcryptjs-3.0.3.tgz. Extracting by manifest.
883 http fetch GET 200 https://registry.npmjs.org/has-flag/-/has-flag-3.0.0.tgz 1065ms (cache miss)
884 http fetch GET 200 https://registry.npmjs.org/media-typer/-/media-typer-1.1.0.tgz 1165ms (cache miss)
885 http fetch GET 200 https://registry.npmjs.org/side-channel-weakmap/-/side-channel-weakmap-1.0.2.tgz 1144ms (cache miss)
886 http fetch GET 200 https://registry.npmjs.org/side-channel-list/-/side-channel-list-1.0.1.tgz 1176ms (cache miss)
887 http fetch GET 200 https://registry.npmjs.org/hasown/-/hasown-2.0.3.tgz 1260ms (cache miss)
888 http fetch GET 200 https://registry.npmjs.org/@types/ms/-/ms-2.1.0.tgz 1245ms (cache miss)
889 http fetch GET 200 https://registry.npmjs.org/side-channel-map/-/side-channel-map-1.0.1.tgz 1268ms (cache miss)
890 http fetch GET 200 https://registry.npmjs.org/inflection/-/inflection-1.13.4.tgz 1256ms (cache miss)
891 http fetch GET 200 https://registry.npmjs.org/readdirp/-/readdirp-3.6.0.tgz 1234ms (cache miss)
892 http fetch GET 200 https://registry.npmjs.org/es-errors/-/es-errors-1.3.0.tgz 1282ms (cache miss)
893 http fetch GET 200 https://registry.npmjs.org/unpipe/-/unpipe-1.0.0.tgz 1267ms (cache miss)
894 http fetch GET 200 https://registry.npmjs.org/wrappy/-/wrappy-1.0.2.tgz 1262ms (cache miss)
895 http fetch GET 200 https://registry.npmjs.org/gopd/-/gopd-1.2.0.tgz 1316ms (cache miss)
896 http fetch GET 200 https://registry.npmjs.org/is-number/-/is-number-7.0.0.tgz 1324ms (cache miss)
897 http fetch GET 200 https://registry.npmjs.org/is-promise/-/is-promise-4.0.0.tgz 1285ms (cache miss)
898 http fetch GET 200 https://registry.npmjs.org/binary-extensions/-/binary-extensions-2.3.0.tgz 1276ms (cache miss)
899 http fetch GET 200 https://registry.npmjs.org/anymatch/-/anymatch-3.1.3.tgz 1240ms (cache miss)
900 http fetch GET 200 https://registry.npmjs.org/@types/debug/-/debug-4.1.13.tgz 1308ms (cache miss)
901 http fetch GET 200 https://registry.npmjs.org/get-proto/-/get-proto-1.0.1.tgz 1342ms (cache miss)
902 http fetch GET 200 https://registry.npmjs.org/es-define-property/-/es-define-property-1.0.1.tgz 1347ms (cache miss)
903 http fetch GET 200 https://registry.npmjs.org/dottie/-/dottie-2.0.7.tgz 1328ms (cache miss)
904 warn deprecated dottie@2.0.7: Package no longer supported. Contact Support at https://www.npmjs.com/support for more info.
905 http fetch GET 200 https://registry.npmjs.org/ee-first/-/ee-first-1.1.1.tgz 1316ms (cache miss)
906 http fetch GET 200 https://registry.npmjs.org/forwarded/-/forwarded-0.2.0.tgz 1321ms (cache miss)
907 http fetch GET 200 https://registry.npmjs.org/is-extglob/-/is-extglob-2.1.1.tgz 1315ms (cache miss)
908 http fetch GET 200 https://registry.npmjs.org/is-binary-path/-/is-binary-path-2.1.0.tgz 1282ms (cache miss)
909 http fetch GET 200 https://registry.npmjs.org/supports-color/-/supports-color-5.5.0.tgz 1264ms (cache miss)
910 http fetch GET 200 https://registry.npmjs.org/simple-update-notifier/-/simple-update-notifier-2.0.0.tgz 1262ms (cache miss)
911 http fetch GET 200 https://registry.npmjs.org/lodash.once/-/lodash.once-4.1.1.tgz 1239ms (cache miss)
912 http fetch GET 200 https://registry.npmjs.org/jwa/-/jwa-2.0.1.tgz 1242ms (cache miss)
913 http fetch GET 200 https://registry.npmjs.org/es-object-atoms/-/es-object-atoms-1.1.1.tgz 1366ms (cache miss)
914 http fetch GET 200 https://registry.npmjs.org/undefsafe/-/undefsafe-2.0.5.tgz 1282ms (cache miss)
915 http fetch GET 200 https://registry.npmjs.org/ignore-by-default/-/ignore-by-default-1.0.1.tgz 1270ms (cache miss)
916 http fetch GET 200 https://registry.npmjs.org/lru.min/-/lru.min-1.1.4.tgz 1265ms (cache miss)
917 http fetch GET 200 https://registry.npmjs.org/toidentifier/-/toidentifier-1.0.1.tgz 1243ms (cache miss)
918 http fetch GET 200 https://registry.npmjs.org/lodash.isboolean/-/lodash.isboolean-3.0.3.tgz 1249ms (cache miss)
919 http fetch GET 200 https://registry.npmjs.org/lodash.isinteger/-/lodash.isinteger-4.0.4.tgz 1250ms (cache miss)
920 http fetch GET 200 https://registry.npmjs.org/picomatch/-/picomatch-2.3.2.tgz 1335ms (cache miss)
921 http fetch GET 200 https://registry.npmjs.org/normalize-path/-/normalize-path-3.0.0.tgz 1333ms (cache miss)
922 http fetch GET 200 https://registry.npmjs.org/touch/-/touch-3.1.1.tgz 1290ms (cache miss)
923 http fetch GET 200 https://registry.npmjs.org/ecdsa-sig-formatter/-/ecdsa-sig-formatter-1.0.11.tgz 1268ms (cache miss)
924 http fetch GET 200 https://registry.npmjs.org/buffer-equal-constant-time/-/buffer-equal-constant-time-1.0.1.tgz 1268ms (cache miss)
925 http fetch GET 200 https://registry.npmjs.org/negotiator/-/negotiator-1.0.0.tgz 1249ms (cache miss)
926 http fetch GET 200 https://registry.npmjs.org/pg-connection-string/-/pg-connection-string-2.12.0.tgz 1373ms (cache miss)
927 http fetch GET 200 https://registry.npmjs.org/glob-parent/-/glob-parent-5.1.2.tgz 1319ms (cache miss)
928 http fetch GET 200 https://registry.npmjs.org/pstree.remy/-/pstree.remy-1.1.8.tgz 1299ms (cache miss)
929 http fetch GET 200 https://registry.npmjs.org/named-placeholders/-/named-placeholders-1.1.6.tgz 1294ms (cache miss)
930 http fetch GET 200 https://registry.npmjs.org/inherits/-/inherits-2.0.4.tgz 1266ms (cache miss)
931 http fetch GET 200 https://registry.npmjs.org/setprototypeof/-/setprototypeof-1.2.0.tgz 1269ms (cache miss)
932 http fetch GET 200 https://registry.npmjs.org/serve-static/-/serve-static-2.2.1.tgz 1261ms (cache miss)
933 http fetch GET 200 https://registry.npmjs.org/router/-/router-2.2.0.tgz 1259ms (cache miss)
934 http fetch GET 200 https://registry.npmjs.org/once/-/once-1.4.0.tgz 1258ms (cache miss)
935 http fetch GET 200 https://registry.npmjs.org/balanced-match/-/balanced-match-4.0.4.tgz 1368ms (cache miss)
936 http fetch GET 200 https://registry.npmjs.org/fill-range/-/fill-range-7.1.1.tgz 1365ms (cache miss)
937 http fetch GET 200 https://registry.npmjs.org/is-glob/-/is-glob-4.0.3.tgz 1337ms (cache miss)
938 http fetch GET 200 https://registry.npmjs.org/is-property/-/is-property-1.0.2.tgz 1308ms (cache miss)
939 http fetch GET 200 https://registry.npmjs.org/generate-function/-/generate-function-2.3.1.tgz 1304ms (cache miss)
940 http fetch GET 200 https://registry.npmjs.org/lodash.isstring/-/lodash.isstring-4.0.1.tgz 1290ms (cache miss)
941 http fetch GET 200 https://registry.npmjs.org/lodash.isplainobject/-/lodash.isplainobject-4.0.6.tgz 1289ms (cache miss)
942 http fetch GET 200 https://registry.npmjs.org/ms/-/ms-2.1.3.tgz 1278ms (cache miss)
943 http fetch GET 200 https://registry.npmjs.org/parseurl/-/parseurl-1.3.3.tgz 1267ms (cache miss)
944 http fetch GET 200 https://registry.npmjs.org/send/-/send-1.2.1.tgz 1273ms (cache miss)
945 http fetch GET 200 https://registry.npmjs.org/statuses/-/statuses-2.0.2.tgz 1275ms (cache miss)
946 http fetch GET 200 https://registry.npmjs.org/http-errors/-/http-errors-2.0.1.tgz 1263ms (cache miss)
947 http fetch GET 200 https://registry.npmjs.org/on-finished/-/on-finished-2.4.1.tgz 1265ms (cache miss)
948 http fetch GET 200 https://registry.npmjs.org/merge-descriptors/-/merge-descriptors-2.0.0.tgz 1264ms (cache miss)
949 http fetch GET 200 https://registry.npmjs.org/object-assign/-/object-assign-4.1.1.tgz 1247ms (cache miss)
950 http fetch GET 200 https://registry.npmjs.org/call-bound/-/call-bound-1.0.4.tgz 1411ms (cache miss)
951 http fetch GET 200 https://registry.npmjs.org/denque/-/denque-2.1.0.tgz 1311ms (cache miss)
952 http fetch GET 200 https://registry.npmjs.org/safer-buffer/-/safer-buffer-2.1.2.tgz 1294ms (cache miss)
953 http fetch GET 200 https://registry.npmjs.org/bytes/-/bytes-3.1.2.tgz 1287ms (cache miss)
954 http fetch GET 200 https://registry.npmjs.org/lodash.includes/-/lodash.includes-4.3.0.tgz 1297ms (cache miss)
955 http fetch GET 200 https://registry.npmjs.org/range-parser/-/range-parser-1.2.1.tgz 1280ms (cache miss)
956 http fetch GET 200 https://registry.npmjs.org/fresh/-/fresh-2.0.0.tgz 1272ms (cache miss)
957 http fetch GET 200 https://registry.npmjs.org/escape-html/-/escape-html-1.0.3.tgz 1269ms (cache miss)
958 http fetch GET 200 https://registry.npmjs.org/cookie/-/cookie-0.7.2.tgz 1264ms (cache miss)
959 http fetch GET 200 https://registry.npmjs.org/finalhandler/-/finalhandler-2.1.1.tgz 1273ms (cache miss)
960 http fetch GET 200 https://registry.npmjs.org/cookie-signature/-/cookie-signature-1.2.2.tgz 1266ms (cache miss)
961 http fetch GET 200 https://registry.npmjs.org/side-channel/-/side-channel-1.1.0.tgz 1395ms (cache miss)
962 http fetch GET 200 https://registry.npmjs.org/brace-expansion/-/brace-expansion-5.0.5.tgz 1389ms (cache miss)
963 http fetch GET 200 https://registry.npmjs.org/ipaddr.js/-/ipaddr.js-1.9.1.tgz 1396ms (cache miss)
964 http fetch GET 200 https://registry.npmjs.org/lodash.isnumber/-/lodash.isnumber-3.0.3.tgz 1308ms (cache miss)
965 http fetch GET 200 https://registry.npmjs.org/etag/-/etag-1.8.1.tgz 1277ms (cache miss)
966 http fetch GET 200 https://registry.npmjs.org/debug/-/debug-4.4.3.tgz 1272ms (cache miss)
967 http fetch GET 200 https://registry.npmjs.org/accepts/-/accepts-2.0.0.tgz 1265ms (cache miss)
968 http fetch GET 200 https://registry.npmjs.org/encodeurl/-/encodeurl-2.0.0.tgz 1276ms (cache miss)
969 http fetch GET 200 https://registry.npmjs.org/function-bind/-/function-bind-1.1.2.tgz 1430ms (cache miss)
970 http fetch GET 200 https://registry.npmjs.org/retry-as-promised/-/retry-as-promised-7.1.1.tgz 1420ms (cache miss)
971 http fetch GET 200 https://registry.npmjs.org/proxy-addr/-/proxy-addr-2.0.7.tgz 1297ms (cache miss)
972 http fetch GET 200 https://registry.npmjs.org/type-is/-/type-is-2.0.1.tgz 1306ms (cache miss)
973 http fetch GET 200 https://registry.npmjs.org/depd/-/depd-2.0.0.tgz 1285ms (cache miss)
974 http fetch GET 200 https://registry.npmjs.org/content-disposition/-/content-disposition-1.1.0.tgz 1281ms (cache miss)
975 http fetch GET 200 https://registry.npmjs.org/vary/-/vary-1.1.2.tgz 1276ms (cache miss)
976 http fetch GET 200 https://registry.npmjs.org/content-type/-/content-type-1.0.5.tgz 1282ms (cache miss)
977 http fetch GET 200 https://registry.npmjs.org/dunder-proto/-/dunder-proto-1.0.1.tgz 1456ms (cache miss)
978 http fetch GET 200 https://registry.npmjs.org/raw-body/-/raw-body-3.0.2.tgz 1315ms (cache miss)
979 http fetch GET 200 https://registry.npmjs.org/toposort-class/-/toposort-class-1.0.1.tgz 1436ms (cache miss)
980 http fetch GET 200 https://registry.npmjs.org/body-parser/-/body-parser-2.2.2.tgz 1294ms (cache miss)
981 http fetch GET 200 https://registry.npmjs.org/cors/-/cors-2.8.6.tgz 1280ms (cache miss)
982 http fetch GET 200 https://registry.npmjs.org/to-regex-range/-/to-regex-range-5.0.1.tgz 1418ms (cache miss)
983 http fetch GET 200 https://registry.npmjs.org/call-bind-apply-helpers/-/call-bind-apply-helpers-1.0.2.tgz 1462ms (cache miss)
984 http fetch GET 200 https://registry.npmjs.org/safe-buffer/-/safe-buffer-5.2.1.tgz 1350ms (cache miss)
985 http fetch GET 200 https://registry.npmjs.org/mime-types/-/mime-types-3.0.2.tgz 1324ms (cache miss)
986 http fetch GET 200 https://registry.npmjs.org/path-to-regexp/-/path-to-regexp-8.4.2.tgz 1446ms (cache miss)
987 http fetch GET 200 https://registry.npmjs.org/bcryptjs/-/bcryptjs-3.0.3.tgz 1304ms (cache miss)
988 http fetch GET 200 https://registry.npmjs.org/jws/-/jws-4.0.1.tgz 1360ms (cache miss)
989 http fetch GET 200 https://registry.npmjs.org/has-symbols/-/has-symbols-1.1.0.tgz 1496ms (cache miss)
990 http fetch GET 200 https://registry.npmjs.org/get-intrinsic/-/get-intrinsic-1.3.0.tgz 1488ms (cache miss)
991 http fetch GET 200 https://registry.npmjs.org/chokidar/-/chokidar-3.6.0.tgz 1393ms (cache miss)
992 http fetch GET 200 https://registry.npmjs.org/sql-escaper/-/sql-escaper-1.3.3.tgz 1392ms (cache miss)
993 http fetch GET 200 https://registry.npmjs.org/sequelize-pool/-/sequelize-pool-7.1.0.tgz 1481ms (cache miss)
994 http fetch GET 200 https://registry.npmjs.org/long/-/long-5.3.2.tgz 1405ms (cache miss)
995 http fetch GET 200 https://registry.npmjs.org/express/-/express-5.2.1.tgz 1337ms (cache miss)
996 http fetch GET 200 https://registry.npmjs.org/braces/-/braces-3.0.3.tgz 1433ms (cache miss)
997 http fetch GET 200 https://registry.npmjs.org/dotenv/-/dotenv-17.4.2.tgz 1346ms (cache miss)
998 http fetch GET 200 https://registry.npmjs.org/mime-db/-/mime-db-1.54.0.tgz 1416ms (cache miss)
999 http fetch GET 200 https://registry.npmjs.org/math-intrinsics/-/math-intrinsics-1.1.0.tgz 1538ms (cache miss)
1000 http fetch GET 200 https://registry.npmjs.org/jsonwebtoken/-/jsonwebtoken-9.0.3.tgz 1360ms (cache miss)
1001 http fetch GET 200 https://registry.npmjs.org/object-inspect/-/object-inspect-1.13.4.tgz 1530ms (cache miss)
1002 http fetch GET 200 https://registry.npmjs.org/aws-ssl-profiles/-/aws-ssl-profiles-1.1.2.tgz 1463ms (cache miss)
1003 http fetch GET 200 https://registry.npmjs.org/undici-types/-/undici-types-7.19.2.tgz 1428ms (cache miss)
1004 http fetch GET 200 https://registry.npmjs.org/qs/-/qs-6.15.1.tgz 1461ms (cache miss)
1005 http fetch GET 200 https://registry.npmjs.org/wkx/-/wkx-0.5.0.tgz 1606ms (cache miss)
1006 http fetch GET 200 https://registry.npmjs.org/semver/-/semver-7.7.4.tgz 1520ms (cache miss)
1007 http fetch GET 200 https://registry.npmjs.org/iconv-lite/-/iconv-lite-0.7.2.tgz 1507ms (cache miss)
1008 http fetch GET 200 https://registry.npmjs.org/nodemon/-/nodemon-3.1.14.tgz 1479ms (cache miss)
1009 http fetch GET 200 https://registry.npmjs.org/minimatch/-/minimatch-10.2.5.tgz 1573ms (cache miss)
1010 http fetch GET 200 https://registry.npmjs.org/uuid/-/uuid-8.3.2.tgz 1674ms (cache miss)
1011 warn deprecated uuid@8.3.2: uuid@10 and below is no longer supported.  For ESM codebases, update to uuid@latest.  For CommonJS codebases, use uuid@11 (but be aware this version will likely be deprecated in 2028).
1012 http fetch GET 200 https://registry.npmjs.org/@types/validator/-/validator-13.15.10.tgz 1865ms (cache miss)
1013 http fetch GET 200 https://registry.npmjs.org/moment-timezone/-/moment-timezone-0.5.48.tgz 1899ms (cache miss)
1014 http fetch GET 200 https://registry.npmjs.org/mysql2/-/mysql2-3.22.3.tgz 1763ms (cache miss)
1015 http fetch GET 200 https://registry.npmjs.org/@types/node/-/node-25.6.0.tgz 1803ms (cache miss)
1016 http fetch GET 200 https://registry.npmjs.org/validator/-/validator-13.15.35.tgz 2008ms (cache miss)
1017 http fetch GET 200 https://registry.npmjs.org/sequelize/-/sequelize-6.37.8.tgz 2011ms (cache miss)
1018 http fetch GET 200 https://registry.npmjs.org/moment/-/moment-2.30.1.tgz 2266ms (cache miss)
1019 http fetch GET 200 https://registry.npmjs.org/lodash/-/lodash-4.18.1.tgz 2293ms (cache miss)
1020 silly ADD node_modules/media-typer
1021 silly ADD node_modules/is-number
1022 silly ADD node_modules/has-flag
1023 silly ADD node_modules/dunder-proto
1024 silly ADD node_modules/math-intrinsics
1025 silly ADD node_modules/hasown
1026 silly ADD node_modules/has-symbols
1027 silly ADD node_modules/gopd
1028 silly ADD node_modules/get-proto
1029 silly ADD node_modules/es-object-atoms
1030 silly ADD node_modules/es-define-property
1031 silly ADD node_modules/function-bind
1032 silly ADD node_modules/call-bind-apply-helpers
1033 silly ADD node_modules/get-intrinsic
1034 silly ADD node_modules/call-bound
1035 silly ADD node_modules/side-channel-weakmap
1036 silly ADD node_modules/side-channel-map
1037 silly ADD node_modules/side-channel-list
1038 silly ADD node_modules/object-inspect
1039 silly ADD node_modules/es-errors
1040 silly ADD node_modules/@types/ms
1041 silly ADD node_modules/wkx
1042 silly ADD node_modules/validator
1043 silly ADD node_modules/uuid
1044 silly ADD node_modules/toposort-class
1045 silly ADD node_modules/sequelize-pool
1046 silly ADD node_modules/retry-as-promised
1047 silly ADD node_modules/pg-connection-string
1048 silly ADD node_modules/moment-timezone
1049 silly ADD node_modules/moment
1050 silly ADD node_modules/lodash
1051 silly ADD node_modules/inflection
1052 silly ADD node_modules/dottie
1053 silly ADD node_modules/@types/validator
1054 silly ADD node_modules/@types/debug
1055 silly ADD node_modules/path-to-regexp
1056 silly ADD node_modules/is-promise
1057 silly ADD node_modules/unpipe
1058 silly ADD node_modules/side-channel
1059 silly ADD node_modules/ipaddr.js
1060 silly ADD node_modules/forwarded
1061 silly ADD node_modules/wrappy
1062 silly ADD node_modules/ee-first
1063 silly ADD node_modules/balanced-match
1064 silly ADD node_modules/brace-expansion
1065 silly ADD node_modules/is-extglob
1066 silly ADD node_modules/binary-extensions
1067 silly ADD node_modules/to-regex-range
1068 silly ADD node_modules/fill-range
1069 silly ADD node_modules/picomatch
1070 silly ADD node_modules/readdirp
1071 silly ADD node_modules/normalize-path
1072 silly ADD node_modules/is-glob
1073 silly ADD node_modules/is-binary-path
1074 silly ADD node_modules/glob-parent
1075 silly ADD
1076 silly ADD node_modules/braces
1077 silly ADD node_modules/anymatch
1078 silly ADD node_modules/undefsafe
1079 silly ADD node_modules/touch
1080 silly ADD node_modules/supports-color
1081 silly ADD node_modules/simple-update-notifier
1082 silly ADD node_modules/pstree.remy
1083 silly ADD node_modules/minimatch
1084 silly ADD node_modules/ignore-by-default
1085 silly ADD node_modules/chokidar
1086 silly ADD node_modules/is-property
1087 silly ADD node_modules/sql-escaper
1088 silly ADD node_modules/named-placeholders
1089 silly ADD node_modules/lru.min
1090 silly ADD node_modules/long
1091 silly ADD node_modules/generate-function
1092 silly ADD node_modules/denque
1093 silly ADD node_modules/aws-ssl-profiles
1094 silly ADD node_modules/mime-db
1095 silly ADD node_modules/ecdsa-sig-formatter
1096 silly ADD node_modules/buffer-equal-constant-time
1097 silly ADD node_modules/safe-buffer
1098 silly ADD node_modules/jwa
1099 silly ADD node_modules/semver
1100 silly ADD node_modules/lodash.once
1101 silly ADD node_modules/lodash.isstring
1102 silly ADD node_modules/lodash.isplainobject
1103 silly ADD node_modules/lodash.isnumber
1104 silly ADD node_modules/lodash.isinteger
1105 silly ADD node_modules/lodash.isboolean
1106 silly ADD node_modules/lodash.includes
1107 silly ADD node_modules/jws
1108 silly ADD node_modules/safer-buffer
1109 silly ADD node_modules/toidentifier
1110 silly ADD node_modules/setprototypeof
1111 silly ADD node_modules/inherits
1112 silly ADD node_modules/ms
1113 silly ADD node_modules/raw-body
1114 silly ADD node_modules/iconv-lite
1115 silly ADD node_modules/bytes
1116 silly ADD node_modules/negotiator
1117 silly ADD node_modules/type-is
1118 silly ADD node_modules/statuses
1119 silly ADD node_modules/serve-static
1120 silly ADD node_modules/send
1121 silly ADD node_modules/router
1122 silly ADD node_modules/range-parser
1123 silly ADD node_modules/qs
1124 silly ADD node_modules/proxy-addr
1125 silly ADD node_modules/parseurl
1126 silly ADD node_modules/once
1127 silly ADD node_modules/on-finished
1128 silly ADD node_modules/mime-types
1129 silly ADD node_modules/merge-descriptors
1130 silly ADD node_modules/http-errors
1131 silly ADD node_modules/fresh
1132 silly ADD node_modules/finalhandler
1133 silly ADD node_modules/etag
1134 silly ADD node_modules/escape-html
1135 silly ADD node_modules/encodeurl
1136 silly ADD node_modules/depd
1137 silly ADD node_modules/debug
1138 silly ADD node_modules/cookie-signature
1139 silly ADD node_modules/cookie
1140 silly ADD node_modules/content-type
1141 silly ADD node_modules/content-disposition
1142 silly ADD node_modules/body-parser
1143 silly ADD node_modules/accepts
1144 silly ADD node_modules/vary
1145 silly ADD node_modules/object-assign
1146 silly ADD node_modules/undici-types
1147 silly ADD node_modules/sequelize
1148 silly ADD node_modules/nodemon
1149 silly ADD node_modules/@types/node
1150 silly ADD node_modules/mysql2
1151 silly ADD node_modules/jsonwebtoken
1152 silly ADD node_modules/express
1153 silly ADD node_modules/dotenv
1154 silly ADD node_modules/cors
1155 silly ADD node_modules/bcryptjs
1156 verbose cwd /root/ecommerce-app
1157 verbose os Linux 6.1.168-203.330.amzn2023.x86_64
1158 verbose node v18.20.8
1159 verbose npm  v10.8.2
1160 notice
1160 notice New [31mmajor[39m version of npm available! [31m10.8.2[39m -> [34m11.14.0[39m
1160 notice Changelog: [34mhttps://github.com/npm/cli/releases/tag/v11.14.0[39m
1160 notice To update run: [4mnpm install -g npm@11.14.0[24m
1160 notice  { force: true, [Symbol(proc-log.meta)]: true }
1161 verbose exit 0
1162 info ok
