0 verbose cli /usr/bin/node-18 /usr/bin/npm
1 info using npm@10.8.2
2 info using node@v18.20.8
3 silly config load:file:/usr/lib/nodejs18/lib/node_modules/npm/npmrc
4 silly config load:file:/root/ecommerce-app/backend/.npmrc
5 silly config load:file:/root/.npmrc
6 silly config load:file:/etc/npmrc
7 verbose title npm init
8 verbose argv "init" "--yes"
9 verbose logfile logs-max:10 dir:/root/.npm/_logs/2026-05-07T03_10_22_941Z-
10 verbose logfile /root/.npm/_logs/2026-05-07T03_10_22_941Z-debug-0.log
11 silly logfile done cleaning log files
12 verbose stack JSONParseError: Invalid package.json: JSONParseError: Unexpected end of JSON input while parsing empty string
12 verbose stack     at parse (/usr/lib/nodejs18/lib/node_modules/npm/node_modules/@npmcli/package-json/lib/read-package.js:19:21)
12 verbose stack     at PackageJson.fromJSON (/usr/lib/nodejs18/lib/node_modules/npm/node_modules/@npmcli/package-json/lib/index.js:161:22)
12 verbose stack     at PackageJson.load (/usr/lib/nodejs18/lib/node_modules/npm/node_modules/@npmcli/package-json/lib/index.js:156:17)
12 verbose stack     at async PackageJson.load (/usr/lib/nodejs18/lib/node_modules/npm/node_modules/@npmcli/package-json/lib/index.js:90:14)
12 verbose stack     at async init (/usr/lib/nodejs18/lib/node_modules/npm/node_modules/init-package-json/lib/init-package-json.js:57:15)
12 verbose stack     at async Init.template (/usr/lib/nodejs18/lib/node_modules/npm/lib/commands/init.js:168:20)
12 verbose stack     at async Init.exec (/usr/lib/nodejs18/lib/node_modules/npm/lib/commands/init.js:48:5)
12 verbose stack     at async Npm.exec (/usr/lib/nodejs18/lib/node_modules/npm/lib/npm.js:207:9)
12 verbose stack     at async module.exports (/usr/lib/nodejs18/lib/node_modules/npm/lib/cli/entry.js:74:5)
13 error code EJSONPARSE
14 error JSON.parse Invalid package.json: JSONParseError: Unexpected end of JSON input while parsing empty string
15 error JSON.parse Failed to parse JSON data.
15 error JSON.parse Note: package.json must be actual JSON, not just JavaScript.
16 verbose cwd /root/ecommerce-app/backend
17 verbose os Linux 6.1.168-203.330.amzn2023.x86_64
18 verbose node v18.20.8
19 verbose npm  v10.8.2
20 verbose exit 1
21 verbose code 1
22 error A complete log of this run can be found in: /root/.npm/_logs/2026-05-07T03_10_22_941Z-debug-0.log
